Component: ARM Compiler 5.06 update 6 (build 750) Tool: armlink [4d35ed]

==============================================================================

Section Cross References

    main.o(i.UART2_IRQHandler) refers to main.o(i.__NVIC_ClearPendingIRQ) for __NVIC_ClearPendingIRQ
    main.o(i.UART2_IRQHandler) refers to main.o(.data) for status
    main.o(i.audio) refers to idiv.o(.text) for __aeabi_idivmod
    main.o(i.audio) refers to rtx_delay.o(.text.osDelay) for osDelay
    main.o(i.audio) refers to main.o(.data) for isConnected
    main.o(i.audio_complete) refers to memcpya.o(.text) for __aeabi_memcpy4
    main.o(i.audio_complete) refers to idiv.o(.text) for __aeabi_idivmod
    main.o(i.audio_complete) refers to rtx_delay.o(.text.osDelay) for osDelay
    main.o(i.audio_complete) refers to main.o(.constdata) for .constdata
    main.o(i.audio_thread) refers to rtx_msgqueue.o(.text.osMessageQueueGet) for osMessageQueueGet
    main.o(i.audio_thread) refers to main.o(i.audio) for audio
    main.o(i.audio_thread) refers to main.o(.data) for audioMsg
    main.o(i.autio_connect) refers to memcpya.o(.text) for __aeabi_memcpy4
    main.o(i.autio_connect) refers to idiv.o(.text) for __aeabi_idivmod
    main.o(i.autio_connect) refers to rtx_delay.o(.text.osDelay) for osDelay
    main.o(i.autio_connect) refers to main.o(.constdata) for .constdata
    main.o(i.complete_thread) refers to rtx_msgqueue.o(.text.osMessageQueueGet) for osMessageQueueGet
    main.o(i.complete_thread) refers to main.o(i.audio_complete) for audio_complete
    main.o(i.complete_thread) refers to main.o(.data) for completeMsg
    main.o(i.connect_thread) refers to rtx_msgqueue.o(.text.osMessageQueueGet) for osMessageQueueGet
    main.o(i.connect_thread) refers to main.o(i.autio_connect) for autio_connect
    main.o(i.connect_thread) refers to main.o(.data) for connectMsg
    main.o(i.control_thread) refers to rtx_msgqueue.o(.text.osMessageQueuePut) for osMessageQueuePut
    main.o(i.control_thread) refers to main.o(.data) for status
    main.o(i.greenLED_flash_thread) refers to rtx_msgqueue.o(.text.osMessageQueueGet) for osMessageQueueGet
    main.o(i.greenLED_flash_thread) refers to main.o(i.green_led_flashes) for green_led_flashes
    main.o(i.greenLED_flash_thread) refers to main.o(.data) for greenLEDFlashMsg
    main.o(i.green_led_flashes) refers to rtx_delay.o(.text.osDelay) for osDelay
    main.o(i.green_led_moving) refers to rtx_delay.o(.text.osDelay) for osDelay
    main.o(i.green_led_moving) refers to main.o(.data) for status
    main.o(i.green_led_thread) refers to rtx_msgqueue.o(.text.osMessageQueueGet) for osMessageQueueGet
    main.o(i.green_led_thread) refers to main.o(i.green_led_moving) for green_led_moving
    main.o(i.green_led_thread) refers to main.o(i.green_led_stationary) for green_led_stationary
    main.o(i.green_led_thread) refers to main.o(.data) for greenLEDMsg
    main.o(i.initGPIO) refers to uidiv.o(.text) for __aeabi_uidivmod
    main.o(i.initGPIO) refers to main.o(i.__NVIC_SetPriority) for __NVIC_SetPriority
    main.o(i.initGPIO) refers to main.o(i.__NVIC_ClearPendingIRQ) for __NVIC_ClearPendingIRQ
    main.o(i.main) refers to system_mkl25z4.o(i.SystemCoreClockUpdate) for SystemCoreClockUpdate
    main.o(i.main) refers to main.o(i.initGPIO) for initGPIO
    main.o(i.main) refers to rtx_kernel.o(.text.osKernelInitialize) for osKernelInitialize
    main.o(i.main) refers to rtx_thread.o(.text.osThreadNew) for osThreadNew
    main.o(i.main) refers to rtx_msgqueue.o(.text.osMessageQueueNew) for osMessageQueueNew
    main.o(i.main) refers to rtx_kernel.o(.text.osKernelStart) for osKernelStart
    main.o(i.main) refers to main.o(i.green_led_thread) for green_led_thread
    main.o(i.main) refers to main.o(.data) for greenLED_Id
    main.o(i.main) refers to main.o(i.red_led_thread) for red_led_thread
    main.o(i.main) refers to main.o(i.motor_thread) for motor_thread
    main.o(i.main) refers to main.o(i.audio_thread) for audio_thread
    main.o(i.main) refers to main.o(i.control_thread) for control_thread
    main.o(i.main) refers to main.o(i.complete_thread) for complete_thread
    main.o(i.main) refers to main.o(i.connect_thread) for connect_thread
    main.o(i.main) refers to main.o(i.greenLED_flash_thread) for greenLED_flash_thread
    main.o(i.motor_thread) refers to rtx_msgqueue.o(.text.osMessageQueueGet) for osMessageQueueGet
    main.o(i.motor_thread) refers to main.o(i.motor_forward) for motor_forward
    main.o(i.motor_thread) refers to main.o(i.motor_reverse) for motor_reverse
    main.o(i.motor_thread) refers to main.o(i.motor_leftward) for motor_leftward
    main.o(i.motor_thread) refers to main.o(i.motor_rightward) for motor_rightward
    main.o(i.motor_thread) refers to main.o(i.motor_stop) for motor_stop
    main.o(i.motor_thread) refers to main.o(.data) for motorMsg
[...]
    os_systick.o(.text.OS_Tick_Setup) refers to uidiv.o(.text) for __aeabi_uidiv
    os_systick.o(.text.OS_Tick_Setup) refers to system_mkl25z4.o(.data) for SystemCoreClock
    os_systick.o(.text.OS_Tick_Setup) refers to os_systick.o(.bss.PendST) for [Anonymous Symbol]
    os_systick.o(.ARM.exidx.text.OS_Tick_Setup) refers to os_systick.o(.text.OS_Tick_Setup) for [Anonymous Symbol]
    os_systick.o(.text.OS_Tick_Enable) refers to os_systick.o(.bss.PendST) for [Anonymous Symbol]
    os_systick.o(.ARM.exidx.text.OS_Tick_Enable) refers to os_systick.o(.text.OS_Tick_Enable) for [Anonymous Symbol]
    os_systick.o(.text.OS_Tick_Disable) refers to os_systick.o(.bss.PendST) for [Anonymous Symbol]
    os_systick.o(.ARM.exidx.text.OS_Tick_Disable) refers to os_systick.o(.text.OS_Tick_Disable) for [Anonymous Symbol]
    os_systick.o(.ARM.exidx.text.OS_Tick_AcknowledgeIRQ) refers to os_systick.o(.text.OS_Tick_AcknowledgeIRQ) for [Anonymous Symbol]
    os_systick.o(.ARM.exidx.text.OS_Tick_GetIRQn) refers to os_systick.o(.text.OS_Tick_GetIRQn) for [Anonymous Symbol]
    os_systick.o(.text.OS_Tick_GetClock) refers to system_mkl25z4.o(.data) for SystemCoreClock
    os_systick.o(.ARM.exidx.text.OS_Tick_GetClock) refers to os_systick.o(.text.OS_Tick_GetClock) for [Anonymous Symbol]
    os_systick.o(.ARM.exidx.text.OS_Tick_GetInterval) refers to os_systick.o(.text.OS_Tick_GetInterval) for [Anonymous Symbol]
    os_systick.o(.ARM.exidx.text.OS_Tick_GetCount) refers to os_systick.o(.text.OS_Tick_GetCount) for [Anonymous Symbol]
    os_systick.o(.ARM.exidx.text.OS_Tick_GetOverflow) refers to os_systick.o(.text.OS_Tick_GetOverflow) for [Anonymous Symbol]
    entry.o(.ARM.Collect$$$$00000000) refers (Special) to entry10a.o(.ARM.Collect$$$$0000000D) for __rt_final_cpp
    entry.o(.ARM.Collect$$$$00000000) refers (Special) to entry11a.o(.ARM.Collect$$$$0000000F) for __rt_final_exit
    entry.o(.ARM.Collect$$$$00000000) refers (Special) to entry7b.o(.ARM.Collect$$$$00000008) for _main_clock
    entry.o(.ARM.Collect$$$$00000000) refers (Special) to entry8b.o(.ARM.Collect$$$$0000000A) for _main_cpp_init
    entry.o(.ARM.Collect$$$$00000000) refers (Special) to entry9a.o(.ARM.Collect$$$$0000000B) for _main_init
    entry.o(.ARM.Collect$$$$00000000) refers (Special) to entry5.o(.ARM.Collect$$$$00000004) for _main_scatterload
    entry.o(.ARM.Collect$$$$00000000) refers (Special) to entry2.o(.ARM.Collect$$$$00000001) for _main_stk
    idiv.o(.text) refers to uidiv.o(.text) for __aeabi_uidivmod
    entry2.o(.ARM.Collect$$$$00000001) refers to entry2.o(.ARM.Collect$$$$00002712) for __lit__00000000
    entry2.o(.ARM.Collect$$$$00002712) refers to startup_mkl25z4.o(STACK) for __initial_sp
    entry2.o(__vectab_stack_and_reset_area) refers to startup_mkl25z4.o(STACK) for __initial_sp
    entry2.o(__vectab_stack_and_reset_area) refers to entry.o(.ARM.Collect$$$$00000000) for __main
    entry5.o(.ARM.Collect$$$$00000004) refers to init.o(.text) for __scatterload
    entry9a.o(.ARM.Collect$$$$0000000B) refers to main.o(i.main) for main
    entry9b.o(.ARM.Collect$$$$0000000C) refers to main.o(i.main) for main
    init.o(.text) refers to entry5.o(.ARM.Collect$$$$00000004) for __main_after_scatterload


==============================================================================

Removing Unused input sections from the image.

    Removing main.o(.rev16_text), (4 bytes).
    Removing main.o(.revsh_text), (4 bytes).
    Removing main.o(i.delay), (20 bytes).
    Removing rtx_lib.o(.rev16_text), (4 bytes).
    Removing rtx_lib.o(.revsh_text), (4 bytes).
    Removing rtx_lib.o(.data), (4 bytes).
    Removing rtx_config.o(.rev16_text), (4 bytes).
    Removing rtx_config.o(.revsh_text), (4 bytes).
    Removing startup_mkl25z4.o(HEAP), (0 bytes).
    Removing system_mkl25z4.o(.rev16_text), (4 bytes).
    Removing system_mkl25z4.o(.revsh_text), (4 bytes).
    Removing rtx_kernel.o(.text), (0 bytes).
    Removing rtx_kernel.o(.ARM.exidx.text.osRtxKernelPreInit), (8 bytes).
    Removing rtx_kernel.o(.ARM.exidx.text.osKernelInitialize), (8 bytes).
    Removing rtx_kernel.o(.text.osKernelGetInfo), (44 bytes).
    Removing rtx_kernel.o(.ARM.exidx.text.osKernelGetInfo), (8 bytes).
    Removing rtx_kernel.o(.text.svcRtxKernelGetInfo), (56 bytes).
    Removing rtx_kernel.o(.ARM.exidx.text.svcRtxKernelGetInfo), (8 bytes).
    Removing rtx_kernel.o(.text.osKernelGetState), (48 bytes).
    Removing rtx_kernel.o(.ARM.exidx.text.osKernelGetState), (8 bytes).
    Removing rtx_kernel.o(.text.svcRtxKernelGetState), (12 bytes).
    Removing rtx_kernel.o(.ARM.exidx.text.svcRtxKernelGetState), (8 bytes).
    Removing rtx_kernel.o(.ARM.exidx.text.osKernelStart), (8 bytes).
    Removing rtx_kernel.o(.text.osKernelLock), (36 bytes).
    Removing rtx_kernel.o(.ARM.exidx.text.osKernelLock), (8 bytes).
    Removing rtx_kernel.o(.text.osKernelUnlock), (36 bytes).
    Removing rtx_kernel.o(.ARM.exidx.text.osKernelUnlock), (8 bytes).
    Removing rtx_kernel.o(.text.osKernelRestoreLock), (40 bytes).
    Removing rtx_kernel.o(.ARM.exidx.text.osKernelRestoreLock), (8 bytes).
    Removing rtx_kernel.o(.text.osKernelSuspend), (32 bytes).
    Removing rtx_kernel.o(.ARM.exidx.text.osKernelSuspend), (8 bytes).
    Removing rtx_kernel.o(.text.osKernelResume), (32 bytes).
    Removing rtx_kernel.o(.ARM.exidx.text.osKernelResume), (8 bytes).
    Removing rtx_kernel.o(.text.osKernelGetTickCount), (40 bytes).
    Removing rtx_kernel.o(.ARM.exidx.text.osKernelGetTickCount), (8 bytes).
    Removing rtx_kernel.o(.text.svcRtxKernelGetTickCount), (12 bytes).
    Removing rtx_kernel.o(.ARM.exidx.text.svcRtxKernelGetTickCount), (8 bytes).
    Removing rtx_kernel.o(.text.osKernelGetTickFreq), (40 bytes).
    Removing rtx_kernel.o(.ARM.exidx.text.osKernelGetTickFreq), (8 bytes).
    Removing rtx_kernel.o(.text.svcRtxKernelGetTickFreq), (12 bytes).
    Removing rtx_kernel.o(.ARM.exidx.text.svcRtxKernelGetTickFreq), (8 bytes).
    Removing rtx_kernel.o(.text.osKernelGetSysTimerCount), (36 bytes).
    Removing rtx_kernel.o(.ARM.exidx.text.osKernelGetSysTimerCount), (8 bytes).
    Removing rtx_kernel.o(.text.svcRtxKernelGetSysTimerCount), (44 bytes).
    Removing rtx_kernel.o(.ARM.exidx.text.svcRtxKernelGetSysTimerCount), (8 bytes).
    Removing rtx_kernel.o(.text.osKernelGetSysTimerFreq), (36 bytes).
    Removing rtx_kernel.o(.ARM.exidx.text.osKernelGetSysTimerFreq), (8 bytes).
    Removing rtx_kernel.o(.text.svcRtxKernelGetSysTimerFreq), (8 bytes).
    Removing rtx_kernel.o(.ARM.exidx.text.svcRtxKernelGetSysTimerFreq), (8 bytes).
    Removing rtx_kernel.o(.ARM.exidx.text.svcRtxKernelInitialize), (8 bytes).
    Removing rtx_kernel.o(.ARM.exidx.text.svcRtxKernelStart), (8 bytes).
    Removing rtx_kernel.o(.text.svcRtxKernelLock), (36 bytes).
    Removing rtx_kernel.o(.ARM.exidx.text.svcRtxKernelLock), (8 bytes).
    Removing rtx_kernel.o(.text.svcRtxKernelUnlock), (36 bytes).
    Removing rtx_kernel.o(.ARM.exidx.text.svcRtxKernelUnlock), (8 bytes).
    Removing rtx_kernel.o(.text.svcRtxKernelRestoreLock), (48 bytes).
    Removing rtx_kernel.o(.ARM.exidx.text.svcRtxKernelRestoreLock), (8 bytes).
    Removing rtx_kernel.o(.text.svcRtxKernelSuspend), (84 bytes).
    Removing rtx_kernel.o(.ARM.exidx.text.svcRtxKernelSuspend), (8 bytes).
    Removing rtx_kernel.o(.text.svcRtxKernelResume), (136 bytes).
    Removing rtx_kernel.o(.ARM.exidx.text.svcRtxKernelResume), (8 bytes).
    Removing rtx_thread.o(.text), (0 bytes).
    Removing rtx_thread.o(.ARM.exidx.text.osRtxThreadListPut), (8 bytes).
    Removing rtx_thread.o(.ARM.exidx.text.osRtxThreadListGet), (8 bytes).
    Removing rtx_thread.o(.text.osRtxThreadListSort), (38 bytes).
    Removing rtx_thread.o(.ARM.exidx.text.osRtxThreadListSort), (8 bytes).
    Removing rtx_thread.o(.ARM.exidx.text.osRtxThreadListRemove), (8 bytes).
    Removing rtx_thread.o(.ARM.exidx.text.osRtxThreadReadyPut), (8 bytes).
    Removing rtx_thread.o(.ARM.exidx.text.osRtxThreadDelayTick), (8 bytes).
    Removing rtx_thread.o(.ARM.exidx.text.osRtxThreadRegPtr), (8 bytes).
    Removing rtx_thread.o(.ARM.exidx.text.osRtxThreadSwitch), (8 bytes).
    Removing rtx_thread.o(.ARM.exidx.text.osRtxThreadStackCheck), (8 bytes).
    Removing rtx_thread.o(.ARM.exidx.text.osRtxThreadDispatch), (8 bytes).
    Removing rtx_thread.o(.ARM.exidx.text.osRtxThreadBlock), (8 bytes).
    Removing rtx_thread.o(.ARM.exidx.text.osRtxThreadWaitExit), (8 bytes).
    Removing rtx_thread.o(.ARM.exidx.text.osRtxThreadDelayRemove), (8 bytes).
    Removing rtx_thread.o(.ARM.exidx.text.osRtxThreadWaitEnter), (8 bytes).
    Removing rtx_thread.o(.ARM.exidx.text.osRtxThreadDelayInsert), (8 bytes).
    Removing rtx_thread.o(.ARM.exidx.text.osRtxThreadStartup), (8 bytes).
    Removing rtx_thread.o(.ARM.exidx.text.svcRtxThreadNew), (8 bytes).
    Removing rtx_thread.o(.ARM.exidx.text.osThreadNew), (8 bytes).
    Removing rtx_thread.o(.text.osThreadGetName), (36 bytes).
    Removing rtx_thread.o(.ARM.exidx.text.osThreadGetName), (8 bytes).
    Removing rtx_thread.o(.text.osThreadGetId), (40 bytes).
    Removing rtx_thread.o(.ARM.exidx.text.osThreadGetId), (8 bytes).
    Removing rtx_thread.o(.text.svcRtxThreadGetId), (12 bytes).
    Removing rtx_thread.o(.ARM.exidx.text.svcRtxThreadGetId), (8 bytes).
    Removing rtx_thread.o(.text.osThreadGetState), (40 bytes).
    Removing rtx_thread.o(.ARM.exidx.text.osThreadGetState), (8 bytes).
    Removing rtx_thread.o(.text.osThreadGetStackSize), (36 bytes).
    Removing rtx_thread.o(.ARM.exidx.text.osThreadGetStackSize), (8 bytes).
    Removing rtx_thread.o(.text.osThreadGetStackSpace), (36 bytes).
    Removing rtx_thread.o(.ARM.exidx.text.osThreadGetStackSpace), (8 bytes).
    Removing rtx_thread.o(.text.osThreadSetPriority), (40 bytes).
    Removing rtx_thread.o(.ARM.exidx.text.osThreadSetPriority), (8 bytes).
    Removing rtx_thread.o(.text.osThreadGetPriority), (40 bytes).
    Removing rtx_thread.o(.ARM.exidx.text.osThreadGetPriority), (8 bytes).
    Removing rtx_thread.o(.text.osThreadYield), (36 bytes).
    Removing rtx_thread.o(.ARM.exidx.text.osThreadYield), (8 bytes).
    Removing rtx_thread.o(.text.osThreadSuspend), (40 bytes).
    Removing rtx_thread.o(.ARM.exidx.text.osThreadSuspend), (8 bytes).
    Removing rtx_thread.o(.text.osThreadResume), (40 bytes).
    Removing rtx_thread.o(.ARM.exidx.text.osThreadResume), (8 bytes).
    Removing rtx_thread.o(.text.osThreadDetach), (40 bytes).
    Removing rtx_thread.o(.ARM.exidx.text.osThreadDetach), (8 bytes).
    Removing rtx_thread.o(.text.osThreadJoin), (40 bytes).
    Removing rtx_thread.o(.ARM.exidx.text.osThreadJoin), (8 bytes).
    Removing rtx_thread.o(.ARM.exidx.text.osThreadExit), (8 bytes).
    Removing rtx_thread.o(.text.osThreadTerminate), (40 bytes).
    Removing rtx_thread.o(.ARM.exidx.text.osThreadTerminate), (8 bytes).
    Removing rtx_thread.o(.text.osThreadGetCount), (32 bytes).
    Removing rtx_thread.o(.ARM.exidx.text.osThreadGetCount), (8 bytes).
    Removing rtx_thread.o(.text.osThreadEnumerate), (36 bytes).
    Removing rtx_thread.o(.ARM.exidx.text.osThreadEnumerate), (8 bytes).
    Removing rtx_thread.o(.text.osThreadFlagsSet), (88 bytes).
    Removing rtx_thread.o(.ARM.exidx.text.osThreadFlagsSet), (8 bytes).
    Removing rtx_thread.o(.text.osThreadFlagsClear), (40 bytes).
    Removing rtx_thread.o(.ARM.exidx.text.osThreadFlagsClear), (8 bytes).
    Removing rtx_thread.o(.text.osThreadFlagsGet), (32 bytes).
    Removing rtx_thread.o(.ARM.exidx.text.osThreadFlagsGet), (8 bytes).
    Removing rtx_thread.o(.text.osThreadFlagsWait), (40 bytes).
    Removing rtx_thread.o(.ARM.exidx.text.osThreadFlagsWait), (8 bytes).
    Removing rtx_thread.o(.ARM.exidx.text.osRtxThreadPostProcess), (8 bytes).
    Removing rtx_thread.o(.ARM.exidx.text.ThreadFlagsCheck), (8 bytes).
    Removing rtx_thread.o(.text.svcRtxThreadGetName), (18 bytes).
    Removing rtx_thread.o(.ARM.exidx.text.svcRtxThreadGetName), (8 bytes).
    Removing rtx_thread.o(.text.svcRtxThreadGetState), (24 bytes).
    Removing rtx_thread.o(.ARM.exidx.text.svcRtxThreadGetState), (8 bytes).
    Removing rtx_thread.o(.text.svcRtxThreadGetStackSize), (18 bytes).
    Removing rtx_thread.o(.ARM.exidx.text.svcRtxThreadGetStackSize), (8 bytes).
    Removing rtx_thread.o(.text.svcRtxThreadGetStackSpace), (68 bytes).
    Removing rtx_thread.o(.ARM.exidx.text.svcRtxThreadGetStackSpace), (8 bytes).
    Removing rtx_thread.o(.text.svcRtxThreadSetPriority), (72 bytes).
    Removing rtx_thread.o(.ARM.exidx.text.svcRtxThreadSetPriority), (8 bytes).
    Removing rtx_thread.o(.text.svcRtxThreadGetPriority), (28 bytes).
    Removing rtx_thread.o(.ARM.exidx.text.svcRtxThreadGetPriority), (8 bytes).
    Removing rtx_thread.o(.text.svcRtxThreadYield), (56 bytes).
    Removing rtx_thread.o(.ARM.exidx.text.svcRtxThreadYield), (8 bytes).
    Removing rtx_thread.o(.text.svcRtxThreadSuspend), (136 bytes).
    Removing rtx_thread.o(.ARM.exidx.text.svcRtxThreadSuspend), (8 bytes).
    Removing rtx_thread.o(.text.svcRtxThreadResume), (54 bytes).
    Removing rtx_thread.o(.ARM.exidx.text.svcRtxThreadResume), (8 bytes).
    Removing rtx_thread.o(.text.svcRtxThreadDetach), (58 bytes).
    Removing rtx_thread.o(.ARM.exidx.text.svcRtxThreadDetach), (8 bytes).
    Removing rtx_thread.o(.text.osRtxThreadListUnlink), (36 bytes).
    Removing rtx_thread.o(.ARM.exidx.text.osRtxThreadListUnlink), (8 bytes).
    Removing rtx_thread.o(.ARM.exidx.text.osRtxThreadFree), (8 bytes).
    Removing rtx_thread.o(.text.svcRtxThreadJoin), (92 bytes).
    Removing rtx_thread.o(.ARM.exidx.text.svcRtxThreadJoin), (8 bytes).
    Removing rtx_thread.o(.ARM.exidx.text.svcRtxThreadExit), (8 bytes).
    Removing rtx_thread.o(.text.svcRtxThreadTerminate), (188 bytes).
    Removing rtx_thread.o(.ARM.exidx.text.svcRtxThreadTerminate), (8 bytes).
    Removing rtx_thread.o(.text.svcRtxThreadGetCount), (56 bytes).
    Removing rtx_thread.o(.ARM.exidx.text.svcRtxThreadGetCount), (8 bytes).
    Removing rtx_thread.o(.text.svcRtxThreadEnumerate), (96 bytes).
    Removing rtx_thread.o(.ARM.exidx.text.svcRtxThreadEnumerate), (8 bytes).
    Removing rtx_thread.o(.text.svcRtxThreadFlagsSet), (108 bytes).
    Removing rtx_thread.o(.ARM.exidx.text.svcRtxThreadFlagsSet), (8 bytes).
    Removing rtx_thread.o(.text.svcRtxThreadFlagsClear), (56 bytes).
    Removing rtx_thread.o(.ARM.exidx.text.svcRtxThreadFlagsClear), (8 bytes).
    Removing rtx_thread.o(.text.svcRtxThreadFlagsGet), (20 bytes).
    Removing rtx_thread.o(.ARM.exidx.text.svcRtxThreadFlagsGet), (8 bytes).
    Removing rtx_thread.o(.text.svcRtxThreadFlagsWait), (80 bytes).
    Removing rtx_thread.o(.ARM.exidx.text.svcRtxThreadFlagsWait), (8 bytes).
    Removing rtx_delay.o(.text), (0 bytes).
    Removing rtx_delay.o(.ARM.exidx.text.osDelay), (8 bytes).
    Removing rtx_delay.o(.text.osDelayUntil), (40 bytes).
    Removing rtx_delay.o(.ARM.exidx.text.osDelayUntil), (8 bytes).
    Removing rtx_delay.o(.ARM.exidx.text.svcRtxDelay), (8 bytes).
    Removing rtx_delay.o(.text.svcRtxDelayUntil), (32 bytes).
    Removing rtx_delay.o(.ARM.exidx.text.svcRtxDelayUntil), (8 bytes).
    Removing rtx_msgqueue.o(.text), (0 bytes).
    Removing rtx_msgqueue.o(.ARM.exidx.text.osMessageQueueNew), (8 bytes).
    Removing rtx_msgqueue.o(.text.osMessageQueueGetName), (36 bytes).
    Removing rtx_msgqueue.o(.ARM.exidx.text.osMessageQueueGetName), (8 bytes).
    Removing rtx_msgqueue.o(.ARM.exidx.text.osMessageQueuePut), (8 bytes).
    Removing rtx_msgqueue.o(.ARM.exidx.text.osMessageQueueGet), (8 bytes).
    Removing rtx_msgqueue.o(.text.osMessageQueueGetCapacity), (48 bytes).
    Removing rtx_msgqueue.o(.ARM.exidx.text.osMessageQueueGetCapacity), (8 bytes).
    Removing rtx_msgqueue.o(.text.svcRtxMessageQueueGetCapacity), (18 bytes).
    Removing rtx_msgqueue.o(.ARM.exidx.text.svcRtxMessageQueueGetCapacity), (8 bytes).
    Removing rtx_msgqueue.o(.text.osMessageQueueGetMsgSize), (48 bytes).
    Removing rtx_msgqueue.o(.ARM.exidx.text.osMessageQueueGetMsgSize), (8 bytes).
    Removing rtx_msgqueue.o(.text.svcRtxMessageQueueGetMsgSize), (18 bytes).
    Removing rtx_msgqueue.o(.ARM.exidx.text.svcRtxMessageQueueGetMsgSize), (8 bytes).
    Removing rtx_msgqueue.o(.text.osMessageQueueGetCount), (48 bytes).
    Removing rtx_msgqueue.o(.ARM.exidx.text.osMessageQueueGetCount), (8 bytes).
    Removing rtx_msgqueue.o(.text.svcRtxMessageQueueGetCount), (18 bytes).
    Removing rtx_msgqueue.o(.ARM.exidx.text.svcRtxMessageQueueGetCount), (8 bytes).
    Removing rtx_msgqueue.o(.text.osMessageQueueGetSpace), (36 bytes).
    Removing rtx_msgqueue.o(.ARM.exidx.text.osMessageQueueGetSpace), (8 bytes).
    Removing rtx_msgqueue.o(.text.svcRtxMessageQueueGetSpace), (22 bytes).
    Removing rtx_msgqueue.o(.ARM.exidx.text.svcRtxMessageQueueGetSpace), (8 bytes).
    Removing rtx_msgqueue.o(.text.osMessageQueueReset), (40 bytes).
    Removing rtx_msgqueue.o(.ARM.exidx.text.osMessageQueueReset), (8 bytes).
    Removing rtx_msgqueue.o(.text.osMessageQueueDelete), (40 bytes).
    Removing rtx_msgqueue.o(.ARM.exidx.text.osMessageQueueDelete), (8 bytes).
    Removing rtx_msgqueue.o(.ARM.exidx.text.svcRtxMessageQueueNew), (8 bytes).
    Removing rtx_msgqueue.o(.ARM.exidx.text.osRtxMessageQueuePostProcess), (8 bytes).
    Removing rtx_msgqueue.o(.ARM.exidx.text.MessageQueueRemove), (8 bytes).
    Removing rtx_msgqueue.o(.ARM.exidx.text.MessageQueuePut), (8 bytes).
    Removing rtx_msgqueue.o(.text.svcRtxMessageQueueGetName), (18 bytes).
    Removing rtx_msgqueue.o(.ARM.exidx.text.svcRtxMessageQueueGetName), (8 bytes).
    Removing rtx_msgqueue.o(.ARM.exidx.text.svcRtxMessageQueuePut), (8 bytes).
    Removing rtx_msgqueue.o(.ARM.exidx.text.MessageQueueGet), (8 bytes).
    Removing rtx_msgqueue.o(.ARM.exidx.text.svcRtxMessageQueueGet), (8 bytes).
    Removing rtx_msgqueue.o(.text.svcRtxMessageQueueReset), (162 bytes).
    Removing rtx_msgqueue.o(.ARM.exidx.text.svcRtxMessageQueueReset), (8 bytes).
    Removing rtx_msgqueue.o(.text.svcRtxMessageQueueDelete), (112 bytes).
    Removing rtx_msgqueue.o(.ARM.exidx.text.svcRtxMessageQueueDelete), (8 bytes).
    Removing irq_cm0.o(.constdata), (1 bytes).
    Removing rtx_timer.o(.text), (0 bytes).
    Removing rtx_timer.o(.ARM.exidx.text.osRtxTimerThread), (8 bytes).
    Removing rtx_timer.o(.ARM.exidx.text.osRtxTimerTick), (8 bytes).
    Removing rtx_timer.o(.text.osTimerNew), (36 bytes).
    Removing rtx_timer.o(.ARM.exidx.text.osTimerNew), (8 bytes).
    Removing rtx_timer.o(.text.osTimerGetName), (36 bytes).
    Removing rtx_timer.o(.ARM.exidx.text.osTimerGetName), (8 bytes).
    Removing rtx_timer.o(.text.osTimerStart), (40 bytes).
    Removing rtx_timer.o(.ARM.exidx.text.osTimerStart), (8 bytes).
    Removing rtx_timer.o(.text.osTimerStop), (40 bytes).
    Removing rtx_timer.o(.ARM.exidx.text.osTimerStop), (8 bytes).
    Removing rtx_timer.o(.text.osTimerIsRunning), (36 bytes).
    Removing rtx_timer.o(.ARM.exidx.text.osTimerIsRunning), (8 bytes).
    Removing rtx_timer.o(.text.osTimerDelete), (40 bytes).
    Removing rtx_timer.o(.ARM.exidx.text.osTimerDelete), (8 bytes).
    Removing rtx_timer.o(.ARM.exidx.text.TimerInsert), (8 bytes).
    Removing rtx_timer.o(.text.svcRtxTimerNew), (132 bytes).
    Removing rtx_timer.o(.ARM.exidx.text.svcRtxTimerNew), (8 bytes).
    Removing rtx_timer.o(.text.svcRtxTimerGetName), (18 bytes).
    Removing rtx_timer.o(.ARM.exidx.text.svcRtxTimerGetName), (8 bytes).
    Removing rtx_timer.o(.text.svcRtxTimerStart), (72 bytes).
    Removing rtx_timer.o(.ARM.exidx.text.svcRtxTimerStart), (8 bytes).
    Removing rtx_timer.o(.text.TimerRemove), (40 bytes).
    Removing rtx_timer.o(.ARM.exidx.text.TimerRemove), (8 bytes).
    Removing rtx_timer.o(.text.svcRtxTimerStop), (42 bytes).
    Removing rtx_timer.o(.ARM.exidx.text.svcRtxTimerStop), (8 bytes).
    Removing rtx_timer.o(.text.svcRtxTimerIsRunning), (24 bytes).
    Removing rtx_timer.o(.ARM.exidx.text.svcRtxTimerIsRunning), (8 bytes).
    Removing rtx_timer.o(.text.svcRtxTimerDelete), (76 bytes).
    Removing rtx_timer.o(.ARM.exidx.text.svcRtxTimerDelete), (8 bytes).
    Removing rtx_mutex.o(.text), (0 bytes).
    Removing rtx_mutex.o(.ARM.exidx.text.osRtxMutexOwnerRelease), (8 bytes).
    Removing rtx_mutex.o(.text.osMutexNew), (36 bytes).
    Removing rtx_mutex.o(.ARM.exidx.text.osMutexNew), (8 bytes).
    Removing rtx_mutex.o(.text.osMutexGetName), (36 bytes).
    Removing rtx_mutex.o(.ARM.exidx.text.osMutexGetName), (8 bytes).
    Removing rtx_mutex.o(.text.osMutexAcquire), (40 bytes).
    Removing rtx_mutex.o(.ARM.exidx.text.osMutexAcquire), (8 bytes).
    Removing rtx_mutex.o(.text.osMutexRelease), (40 bytes).
    Removing rtx_mutex.o(.ARM.exidx.text.osMutexRelease), (8 bytes).
    Removing rtx_mutex.o(.text.osMutexGetOwner), (36 bytes).
    Removing rtx_mutex.o(.ARM.exidx.text.osMutexGetOwner), (8 bytes).
    Removing rtx_mutex.o(.text.osMutexDelete), (40 bytes).
    Removing rtx_mutex.o(.ARM.exidx.text.osMutexDelete), (8 bytes).
    Removing rtx_mutex.o(.text.svcRtxMutexNew), (112 bytes).
    Removing rtx_mutex.o(.ARM.exidx.text.svcRtxMutexNew), (8 bytes).
    Removing rtx_mutex.o(.text.svcRtxMutexGetName), (18 bytes).
    Removing rtx_mutex.o(.ARM.exidx.text.svcRtxMutexGetName), (8 bytes).
    Removing rtx_mutex.o(.text.svcRtxMutexAcquire), (152 bytes).
    Removing rtx_mutex.o(.ARM.exidx.text.svcRtxMutexAcquire), (8 bytes).
    Removing rtx_mutex.o(.text.svcRtxMutexRelease), (192 bytes).
    Removing rtx_mutex.o(.ARM.exidx.text.svcRtxMutexRelease), (8 bytes).
    Removing rtx_mutex.o(.text.svcRtxMutexGetOwner), (24 bytes).
    Removing rtx_mutex.o(.ARM.exidx.text.svcRtxMutexGetOwner), (8 bytes).
    Removing rtx_mutex.o(.text.svcRtxMutexDelete), (188 bytes).
    Removing rtx_mutex.o(.ARM.exidx.text.svcRtxMutexDelete), (8 bytes).
    Removing rtx_memory.o(.text), (0 bytes).
    Removing rtx_memory.o(.ARM.exidx.text.osRtxMemoryInit), (8 bytes).
    Removing rtx_memory.o(.ARM.exidx.text.osRtxMemoryAlloc), (8 bytes).
    Removing rtx_memory.o(.ARM.exidx.text.osRtxMemoryFree), (8 bytes).
    Removing rtx_mempool.o(.text), (0 bytes).
    Removing rtx_mempool.o(.ARM.exidx.text.osRtxMemoryPoolInit), (8 bytes).
    Removing rtx_mempool.o(.ARM.exidx.text.osRtxMemoryPoolAlloc), (8 bytes).
    Removing rtx_mempool.o(.ARM.exidx.text.osRtxMemoryPoolFree), (8 bytes).
    Removing rtx_mempool.o(.text.osMemoryPoolNew), (36 bytes).
    Removing rtx_mempool.o(.ARM.exidx.text.osMemoryPoolNew), (8 bytes).
    Removing rtx_mempool.o(.text.osMemoryPoolGetName), (36 bytes).
    Removing rtx_mempool.o(.ARM.exidx.text.osMemoryPoolGetName), (8 bytes).
    Removing rtx_mempool.o(.text.osMemoryPoolAlloc), (56 bytes).
    Removing rtx_mempool.o(.ARM.exidx.text.osMemoryPoolAlloc), (8 bytes).
    Removing rtx_mempool.o(.text.osMemoryPoolFree), (72 bytes).
    Removing rtx_mempool.o(.ARM.exidx.text.osMemoryPoolFree), (8 bytes).
    Removing rtx_mempool.o(.text.osMemoryPoolGetCapacity), (48 bytes).
    Removing rtx_mempool.o(.ARM.exidx.text.osMemoryPoolGetCapacity), (8 bytes).
    Removing rtx_mempool.o(.text.svcRtxMemoryPoolGetCapacity), (18 bytes).
    Removing rtx_mempool.o(.ARM.exidx.text.svcRtxMemoryPoolGetCapacity), (8 bytes).
    Removing rtx_mempool.o(.text.osMemoryPoolGetBlockSize), (48 bytes).
    Removing rtx_mempool.o(.ARM.exidx.text.osMemoryPoolGetBlockSize), (8 bytes).
    Removing rtx_mempool.o(.text.svcRtxMemoryPoolGetBlockSize), (18 bytes).
    Removing rtx_mempool.o(.ARM.exidx.text.svcRtxMemoryPoolGetBlockSize), (8 bytes).
    Removing rtx_mempool.o(.text.osMemoryPoolGetCount), (48 bytes).
    Removing rtx_mempool.o(.ARM.exidx.text.osMemoryPoolGetCount), (8 bytes).
    Removing rtx_mempool.o(.text.svcRtxMemoryPoolGetCount), (18 bytes).
    Removing rtx_mempool.o(.ARM.exidx.text.svcRtxMemoryPoolGetCount), (8 bytes).
    Removing rtx_mempool.o(.text.osMemoryPoolGetSpace), (36 bytes).
    Removing rtx_mempool.o(.ARM.exidx.text.osMemoryPoolGetSpace), (8 bytes).
    Removing rtx_mempool.o(.text.svcRtxMemoryPoolGetSpace), (22 bytes).
    Removing rtx_mempool.o(.ARM.exidx.text.svcRtxMemoryPoolGetSpace), (8 bytes).
    Removing rtx_mempool.o(.text.osMemoryPoolDelete), (40 bytes).
    Removing rtx_mempool.o(.ARM.exidx.text.osMemoryPoolDelete), (8 bytes).
    Removing rtx_mempool.o(.text.svcRtxMemoryPoolNew), (444 bytes).
    Removing rtx_mempool.o(.ARM.exidx.text.svcRtxMemoryPoolNew), (8 bytes).
    Removing rtx_mempool.o(.text.osRtxMemoryPoolPostProcess), (40 bytes).
    Removing rtx_mempool.o(.ARM.exidx.text.osRtxMemoryPoolPostProcess), (8 bytes).
    Removing rtx_mempool.o(.text.svcRtxMemoryPoolGetName), (18 bytes).
    Removing rtx_mempool.o(.ARM.exidx.text.svcRtxMemoryPoolGetName), (8 bytes).
    Removing rtx_mempool.o(.text.svcRtxMemoryPoolAlloc), (64 bytes).
    Removing rtx_mempool.o(.ARM.exidx.text.svcRtxMemoryPoolAlloc), (8 bytes).
    Removing rtx_mempool.o(.text.svcRtxMemoryPoolFree), (72 bytes).
    Removing rtx_mempool.o(.ARM.exidx.text.svcRtxMemoryPoolFree), (8 bytes).
    Removing rtx_mempool.o(.text.svcRtxMemoryPoolDelete), (112 bytes).
    Removing rtx_mempool.o(.ARM.exidx.text.svcRtxMemoryPoolDelete), (8 bytes).
    Removing rtx_system.o(.text), (0 bytes).
    Removing rtx_system.o(.ARM.exidx.text.osRtxTick_Handler), (8 bytes).
    Removing rtx_system.o(.ARM.exidx.text.osRtxPendSV_Handler), (8 bytes).
    Removing rtx_system.o(.ARM.exidx.text.osRtxPostProcess), (8 bytes).
    Removing os_systick.o(.text), (0 bytes).
    Removing os_systick.o(.ARM.exidx.text.OS_Tick_Setup), (8 bytes).
    Removing os_systick.o(.ARM.exidx.text.OS_Tick_Enable), (8 bytes).
    Removing os_systick.o(.text.OS_Tick_Disable), (40 bytes).
    Removing os_systick.o(.ARM.exidx.text.OS_Tick_Disable), (8 bytes).
    Removing os_systick.o(.ARM.exidx.text.OS_Tick_AcknowledgeIRQ), (8 bytes).
    Removing os_systick.o(.ARM.exidx.text.OS_Tick_GetIRQn), (8 bytes).
    Removing os_systick.o(.text.OS_Tick_GetClock), (12 bytes).
    Removing os_systick.o(.ARM.exidx.text.OS_Tick_GetClock), (8 bytes).
    Removing os_systick.o(.text.OS_Tick_GetInterval), (12 bytes).
    Removing os_systick.o(.ARM.exidx.text.OS_Tick_GetInterval), (8 bytes).
    Removing os_systick.o(.text.OS_Tick_GetCount), (16 bytes).
    Removing os_systick.o(.ARM.exidx.text.OS_Tick_GetCount), (8 bytes).
    Removing os_systick.o(.text.OS_Tick_GetOverflow), (16 bytes).
    Removing os_systick.o(.ARM.exidx.text.OS_Tick_GetOverflow), (8 bytes).

332 unused section(s) (total 8135 bytes) removed from the image.

==============================================================================

Image Symbol Table

    Local Symbols

    Symbol Name                              Value     Ov Type        Size  Object(Section)

    RESET                                    0x00000000   Section      192  startup_mkl25z4.o(RESET)
    ../clib/../cmprslib/zerorunl2.c          0x00000000   Number         0  __dczerorl2.o ABSOLUTE
    ../clib/microlib/division.c              0x00000000   Number         0  idiv.o ABSOLUTE
    ../clib/microlib/division.c              0x00000000   Number         0  uidiv.o ABSOLUTE
    ../clib/microlib/init/entry.s            0x00000000   Number         0  entry.o ABSOLUTE
    ../clib/microlib/init/entry.s            0x00000000   Number         0  entry2.o ABSOLUTE
    ../clib/microlib/init/entry.s            0x00000000   Number         0  entry5.o ABSOLUTE
    ../clib/microlib/init/entry.s            0x00000000   Number         0  entry7a.o ABSOLUTE
    ../clib/microlib/init/entry.s            0x00000000   Number         0  entry7b.o ABSOLUTE
    ../clib/microlib/init/entry.s            0x00000000   Number         0  entry8a.o ABSOLUTE
    ../clib/microlib/init/entry.s            0x00000000   Number         0  entry8b.o ABSOLUTE
    ../clib/microlib/init/entry.s            0x00000000   Number         0  entry9a.o ABSOLUTE
    ../clib/microlib/init/entry.s            0x00000000   Number         0  entry9b.o ABSOLUTE
    ../clib/microlib/init/entry.s            0x00000000   Number         0  entry10a.o ABSOLUTE
    ../clib/microlib/init/entry.s            0x00000000   Number         0  entry10b.o ABSOLUTE
    ../clib/microlib/init/entry.s            0x00000000   Number         0  entry11a.o ABSOLUTE
    ../clib/microlib/init/entry.s            0x00000000   Number         0  entry11b.o ABSOLUTE
    ../clib/microlib/string/memcpy.c         0x00000000   Number         0  memcpya.o ABSOLUTE
    ../clib/microlib/string/memcpy.c         0x00000000   Number         0  memcpyb.o ABSOLUTE
    ../clib/microlib/string/memset.c         0x00000000   Number         0  memseta.o ABSOLUTE
    ..\..\..\Source\ARM\irq_cm0.s            0x00000000   Number         0  irq_cm0.o ABSOLUTE
    C:\Users\wang zihao\Desktop\ARM\CMSIS\5.6.0\CMSIS\RTOS2\RTX\Source\rtx_lib.c 0x00000000   Number         0  rtx_lib.o ABSOLUTE
    C:\\Users\\wang zihao\\Desktop\\ARM\\CMSIS\\5.6.0\\CMSIS\\RTOS2\\RTX\\Source\\rtx_lib.c 0x00000000   Number         0  rtx_lib.o ABSOLUTE
    RTE\CMSIS\RTX_Config.c                   0x00000000   Number         0  rtx_config.o ABSOLUTE
    RTE\Device\MKL25Z128xxx4\startup_MKL25Z4.s 0x00000000   Number         0  startup_mkl25z4.o ABSOLUTE
    RTE\Device\MKL25Z128xxx4\system_MKL25Z4.c 0x00000000   Number         0  system_mkl25z4.o ABSOLUTE
    RTE\\CMSIS\\RTX_Config.c                 0x00000000   Number         0  rtx_config.o ABSOLUTE
    RTE\\Device\\MKL25Z128xxx4\\system_MKL25Z4.c 0x00000000   Number         0  system_mkl25z4.o ABSOLUTE
    dc.s                                     0x00000000   Number         0  dc.o ABSOLUTE
    handlers.s                               0x00000000   Number         0  handlers.o ABSOLUTE
    init.s                                   0x00000000   Number         0  init.o ABSOLUTE
    main.c                                   0x00000000   Number         0  main.o ABSOLUTE
    main.c                                   0x00000000   Number         0  main.o ABSOLUTE
    os_systick.c                             0x00000000   Number         0  os_systick.o ABSOLUTE
    rtx_delay.c                              0x00000000   Number         0  rtx_delay.o ABSOLUTE
    rtx_kernel.c                             0x00000000   Number         0  rtx_kernel.o ABSOLUTE
    rtx_memory.c                             0x00000000   Number         0  rtx_memory.o ABSOLUTE
    rtx_mempool.c                            0x00000000   Number         0  rtx_mempool.o ABSOLUTE
    rtx_msgqueue.c                           0x00000000   Number         0  rtx_msgqueue.o ABSOLUTE
    rtx_mutex.c                              0x00000000   Number         0  rtx_mutex.o ABSOLUTE
    rtx_system.c                             0x00000000   Number         0  rtx_system.o ABSOLUTE
    rtx_thread.c                             0x00000000   Number         0  rtx_thread.o ABSOLUTE
    rtx_timer.c                              0x00000000   Number         0  rtx_timer.o ABSOLUTE
    .ARM.Collect$$$$00000000                 0x000000c0   Section        0  entry.o(.ARM.Collect$$$$00000000)
    .ARM.Collect$$$$00000001                 0x000000c0   Section        4  entry2.o(.ARM.Collect$$$$00000001)
    .ARM.Collect$$$$00000004                 0x000000c4   Section        4  entry5.o(.ARM.Collect$$$$00000004)
    .ARM.Collect$$$$00000008                 0x000000c8   Section        0  entry7b.o(.ARM.Collect$$$$00000008)
    .ARM.Collect$$$$0000000A                 0x000000c8   Section        0  entry8b.o(.ARM.Collect$$$$0000000A)
    .ARM.Collect$$$$0000000B                 0x000000c8   Section        8  entry9a.o(.ARM.Collect$$$$0000000B)
    .ARM.Collect$$$$0000000D                 0x000000d0   Section        0  entry10a.o(.ARM.Collect$$$$0000000D)
    .ARM.Collect$$$$0000000F                 0x000000d0   Section        0  entry11a.o(.ARM.Collect$$$$0000000F)
    .ARM.Collect$$$$00002712                 0x000000d0   Section        4  entry2.o(.ARM.Collect$$$$00002712)
    __lit__00000000                          0x000000d0   Data           4  entry2.o(.ARM.Collect$$$$00002712)
    .text                                    0x000000d4   Section       40  startup_mkl25z4.o(.text)
    .text                                    0x000000fc   Section      164  irq_cm0.o(.text)
    .text                                    0x000001a0   Section        0  uidiv.o(.text)
    .text                                    0x000001cc   Section        0  idiv.o(.text)
    .text                                    0x000001f4   Section        0  memcpya.o(.text)
    .text                                    0x00000218   Section        0  memseta.o(.text)
    .text                                    0x0000023c   Section       36  init.o(.text)
    .text                                    0x00000260   Section        0  __dczerorl2.o(.text)
    [Anonymous Symbol]                       0x000002b6   Section        0  rtx_msgqueue.o(.text.MessageQueueGet)
    MessageQueueGet                          0x000002b7   Thumb Code    76  rtx_msgqueue.o(.text.MessageQueueGet)
    [Anonymous Symbol]                       0x00000302   Section        0  rtx_msgqueue.o(.text.MessageQueuePut)
    MessageQueuePut                          0x00000303   Thumb Code    98  rtx_msgqueue.o(.text.MessageQueuePut)
    [Anonymous Symbol]                       0x00000364   Section        0  rtx_msgqueue.o(.text.MessageQueueRemove)
    MessageQueueRemove                       0x00000365   Thumb Code    30  rtx_msgqueue.o(.text.MessageQueueRemove)
    [Anonymous Symbol]                       0x00000384   Section        0  os_systick.o(.text.OS_Tick_AcknowledgeIRQ)
    __arm_cp.3_0                             0x0000038c   Number         4  os_systick.o(.text.OS_Tick_AcknowledgeIRQ)
    [Anonymous Symbol]                       0x00000390   Section        0  os_systick.o(.text.OS_Tick_Enable)
    __arm_cp.1_0                             0x000003b0   Number         4  os_systick.o(.text.OS_Tick_Enable)
    __arm_cp.1_1                             0x000003b4   Number         4  os_systick.o(.text.OS_Tick_Enable)
    __arm_cp.1_2                             0x000003b8   Number         4  os_systick.o(.text.OS_Tick_Enable)
    [Anonymous Symbol]                       0x000003bc   Section        0  os_systick.o(.text.OS_Tick_GetIRQn)
    [Anonymous Symbol]                       0x000003c4   Section        0  rtx_delay.o(.text.osDelay)
    __arm_cp.0_0                             0x000003e8   Number         4  rtx_delay.o(.text.osDelay)
    [Anonymous Symbol]                       0x000003ec   Section        0  rtx_kernel.o(.text.osRtxKernelPreInit)
    [Anonymous Symbol]                       0x000003ee   Section        0  rtx_thread.o(.text.osRtxThreadRegPtr)
    [Anonymous Symbol]                       0x000003f4   Section        0  rtx_thread.o(.text.osThreadExit)
    __arm_cp.31_0                            0x000003fc   Number         4  rtx_thread.o(.text.osThreadExit)
    .ARM.__at_0x400                          0x00000400   Section       16  startup_mkl25z4.o(.ARM.__at_0x400)
    [Anonymous Symbol]                       0x00000410   Section        0  os_systick.o(.text.OS_Tick_Setup)
    __arm_cp.0_0                             0x0000044c   Number         4  os_systick.o(.text.OS_Tick_Setup)
    __arm_cp.0_1                             0x00000450   Number         4  os_systick.o(.text.OS_Tick_Setup)
    __arm_cp.0_2                             0x00000454   Number         4  os_systick.o(.text.OS_Tick_Setup)
    __arm_cp.0_3                             0x00000458   Number         4  os_systick.o(.text.OS_Tick_Setup)
    [Anonymous Symbol]                       0x0000045c   Section        0  rtx_thread.o(.text.ThreadFlagsCheck)
    ThreadFlagsCheck                         0x0000045d   Thumb Code    78  rtx_thread.o(.text.ThreadFlagsCheck)
    [Anonymous Symbol]                       0x000004ac   Section        0  rtx_timer.o(.text.TimerInsert)
    TimerInsert                              0x000004ad   Thumb Code    76  rtx_timer.o(.text.TimerInsert)
    __arm_cp.8_0                             0x000004f4   Number         4  rtx_timer.o(.text.TimerInsert)
    [Anonymous Symbol]                       0x000004f8   Section        0  rtx_kernel.o(.text.osKernelInitialize)
    __arm_cp.1_0                             0x0000051c   Number         4  rtx_kernel.o(.text.osKernelInitialize)
    [Anonymous Symbol]                       0x00000520   Section        0  rtx_kernel.o(.text.osKernelStart)
    __arm_cp.6_0                             0x00000540   Number         4  rtx_kernel.o(.text.osKernelStart)
    [Anonymous Symbol]                       0x00000544   Section        0  rtx_msgqueue.o(.text.osMessageQueueGet)
    __arm_cp.3_0                             0x000005b4   Number         4  rtx_msgqueue.o(.text.osMessageQueueGet)
    [Anonymous Symbol]                       0x000005b8   Section        0  rtx_msgqueue.o(.text.osMessageQueueNew)
    __arm_cp.0_0                             0x000005d8   Number         4  rtx_msgqueue.o(.text.osMessageQueueNew)
    [Anonymous Symbol]                       0x000005dc   Section        0  rtx_msgqueue.o(.text.osMessageQueuePut)
    __arm_cp.2_0                             0x00000650   Number         4  rtx_msgqueue.o(.text.osMessageQueuePut)
    [Anonymous Symbol]                       0x00000654   Section        0  rtx_memory.o(.text.osRtxMemoryAlloc)
    [Anonymous Symbol]                       0x000006d0   Section        0  rtx_memory.o(.text.osRtxMemoryFree)
    [Anonymous Symbol]                       0x0000071e   Section        0  rtx_memory.o(.text.osRtxMemoryInit)
    [Anonymous Symbol]                       0x00000750   Section        0  rtx_mempool.o(.text.osRtxMemoryPoolAlloc)
    [Anonymous Symbol]                       0x0000077e   Section        0  rtx_mempool.o(.text.osRtxMemoryPoolFree)
    [Anonymous Symbol]                       0x000007b8   Section        0  rtx_mempool.o(.text.osRtxMemoryPoolInit)
    [Anonymous Symbol]                       0x000007f6   Section        0  rtx_msgqueue.o(.text.osRtxMessageQueuePostProcess)
    osRtxMessageQueuePostProcess             0x000007f7   Thumb Code   188  rtx_msgqueue.o(.text.osRtxMessageQueuePostProcess)
    [Anonymous Symbol]                       0x000008b2   Section        0  rtx_mutex.o(.text.osRtxMutexOwnerRelease)
    [Anonymous Symbol]                       0x000008f8   Section        0  rtx_system.o(.text.osRtxPendSV_Handler)
    __arm_cp.1_0                             0x00000974   Number         4  rtx_system.o(.text.osRtxPendSV_Handler)
    [Anonymous Symbol]                       0x00000978   Section        0  rtx_system.o(.text.osRtxPostProcess)
    __arm_cp.2_0                             0x000009dc   Number         4  rtx_system.o(.text.osRtxPostProcess)
    __arm_cp.2_1                             0x000009e0   Number         4  rtx_system.o(.text.osRtxPostProcess)
    [Anonymous Symbol]                       0x000009e4   Section        0  rtx_thread.o(.text.osRtxThreadBlock)
    osRtxThreadBlock                         0x000009e5   Thumb Code    56  rtx_thread.o(.text.osRtxThreadBlock)
    __arm_cp.10_0                            0x00000a18   Number         4  rtx_thread.o(.text.osRtxThreadBlock)
    [Anonymous Symbol]                       0x00000a1c   Section        0  rtx_thread.o(.text.osRtxThreadDelayInsert)
    osRtxThreadDelayInsert                   0x00000a1d   Thumb Code   128  rtx_thread.o(.text.osRtxThreadDelayInsert)
    __arm_cp.14_0                            0x00000a98   Number         4  rtx_thread.o(.text.osRtxThreadDelayInsert)
    [Anonymous Symbol]                       0x00000a9c   Section        0  rtx_thread.o(.text.osRtxThreadDelayRemove)
    osRtxThreadDelayRemove                   0x00000a9d   Thumb Code    68  rtx_thread.o(.text.osRtxThreadDelayRemove)
    __arm_cp.12_0                            0x00000adc   Number         4  rtx_thread.o(.text.osRtxThreadDelayRemove)
    [Anonymous Symbol]                       0x00000ae0   Section        0  rtx_thread.o(.text.osRtxThreadDelayTick)
    __arm_cp.5_0                             0x00000b14   Number         4  rtx_thread.o(.text.osRtxThreadDelayTick)
    [Anonymous Symbol]                       0x00000b18   Section        0  rtx_thread.o(.text.osRtxThreadDispatch)
    __arm_cp.9_0                             0x00000b64   Number         4  rtx_thread.o(.text.osRtxThreadDispatch)
    [Anonymous Symbol]                       0x00000b68   Section        0  rtx_thread.o(.text.osRtxThreadFree)
    osRtxThreadFree                          0x00000b69   Thumb Code    84  rtx_thread.o(.text.osRtxThreadFree)
    __arm_cp.52_0                            0x00000bb8   Number         4  rtx_thread.o(.text.osRtxThreadFree)
    [Anonymous Symbol]                       0x00000bbc   Section        0  rtx_thread.o(.text.osRtxThreadListGet)
    [Anonymous Symbol]                       0x00000bd0   Section        0  rtx_thread.o(.text.osRtxThreadListPut)
    [Anonymous Symbol]                       0x00000bfc   Section        0  rtx_thread.o(.text.osRtxThreadListRemove)
    [Anonymous Symbol]                       0x00000c14   Section        0  rtx_thread.o(.text.osRtxThreadPostProcess)
    osRtxThreadPostProcess                   0x00000c15   Thumb Code    38  rtx_thread.o(.text.osRtxThreadPostProcess)
    [Anonymous Symbol]                       0x00000c3c   Section        0  rtx_thread.o(.text.osRtxThreadReadyPut)
    __arm_cp.4_0                             0x00000c50   Number         4  rtx_thread.o(.text.osRtxThreadReadyPut)
    [Anonymous Symbol]                       0x00000c54   Section        0  rtx_thread.o(.text.osRtxThreadStackCheck)
    __arm_cp.8_0                             0x00000c78   Number         4  rtx_thread.o(.text.osRtxThreadStackCheck)
    __arm_cp.8_1                             0x00000c7c   Number         4  rtx_thread.o(.text.osRtxThreadStackCheck)
    [Anonymous Symbol]                       0x00000c80   Section        0  rtx_thread.o(.text.osRtxThreadStartup)
    __arm_cp.15_0                            0x00000cb0   Number         4  rtx_thread.o(.text.osRtxThreadStartup)
    __arm_cp.15_1                            0x00000cb4   Number         4  rtx_thread.o(.text.osRtxThreadStartup)
    __arm_cp.15_2                            0x00000cb8   Number         4  rtx_thread.o(.text.osRtxThreadStartup)
    __arm_cp.15_3                            0x00000cbc   Number         4  rtx_thread.o(.text.osRtxThreadStartup)
    [Anonymous Symbol]                       0x00000cc0   Section        0  rtx_thread.o(.text.osRtxThreadSwitch)
    __arm_cp.7_0                             0x00000cd0   Number         4  rtx_thread.o(.text.osRtxThreadSwitch)
    [Anonymous Symbol]                       0x00000cd4   Section        0  rtx_thread.o(.text.osRtxThreadWaitEnter)
    __arm_cp.13_0                            0x00000d0c   Number         4  rtx_thread.o(.text.osRtxThreadWaitEnter)
    [Anonymous Symbol]                       0x00000d10   Section        0  rtx_thread.o(.text.osRtxThreadWaitExit)
    [Anonymous Symbol]                       0x00000d34   Section        0  rtx_system.o(.text.osRtxTick_Handler)
    __arm_cp.0_0                             0x00000da4   Number         4  rtx_system.o(.text.osRtxTick_Handler)
    [Anonymous Symbol]                       0x00000da8   Section        0  rtx_timer.o(.text.osRtxTimerThread)
    __arm_cp.0_0                             0x00000dd8   Number         4  rtx_timer.o(.text.osRtxTimerThread)
    __arm_cp.0_1                             0x00000ddc   Number         4  rtx_timer.o(.text.osRtxTimerThread)
    __arm_cp.0_2                             0x00000de0   Number         4  rtx_timer.o(.text.osRtxTimerThread)
    [Anonymous Symbol]                       0x00000de4   Section        0  rtx_timer.o(.text.osRtxTimerTick)
    osRtxTimerTick                           0x00000de5   Thumb Code    96  rtx_timer.o(.text.osRtxTimerTick)
    __arm_cp.1_0                             0x00000e40   Number         4  rtx_timer.o(.text.osRtxTimerTick)
    [Anonymous Symbol]                       0x00000e44   Section        0  rtx_thread.o(.text.osThreadNew)
    __arm_cp.17_0                            0x00000e64   Number         4  rtx_thread.o(.text.osThreadNew)
    [Anonymous Symbol]                       0x00000e68   Section        0  rtx_delay.o(.text.svcRtxDelay)
    svcRtxDelay                              0x00000e69   Thumb Code    18  rtx_delay.o(.text.svcRtxDelay)
    [Anonymous Symbol]                       0x00000e7c   Section        0  rtx_kernel.o(.text.svcRtxKernelInitialize)
    svcRtxKernelInitialize                   0x00000e7d   Thumb Code   328  rtx_kernel.o(.text.svcRtxKernelInitialize)
    __arm_cp.20_0                            0x00000fb8   Number         4  rtx_kernel.o(.text.svcRtxKernelInitialize)
    __arm_cp.20_1                            0x00000fbc   Number         4  rtx_kernel.o(.text.svcRtxKernelInitialize)
    __arm_cp.20_2                            0x00000fc0   Number         4  rtx_kernel.o(.text.svcRtxKernelInitialize)
    [Anonymous Symbol]                       0x00000fc4   Section        0  rtx_kernel.o(.text.svcRtxKernelStart)
    svcRtxKernelStart                        0x00000fc5   Thumb Code   132  rtx_kernel.o(.text.svcRtxKernelStart)
    __arm_cp.21_0                            0x00001038   Number         4  rtx_kernel.o(.text.svcRtxKernelStart)
    __arm_cp.21_1                            0x0000103c   Number         4  rtx_kernel.o(.text.svcRtxKernelStart)
    __arm_cp.21_2                            0x00001040   Number         4  rtx_kernel.o(.text.svcRtxKernelStart)
    __arm_cp.21_3                            0x00001044   Number         4  rtx_kernel.o(.text.svcRtxKernelStart)
    [Anonymous Symbol]                       0x00001048   Section        0  rtx_msgqueue.o(.text.svcRtxMessageQueueGet)
    svcRtxMessageQueueGet                    0x00001049   Thumb Code   232  rtx_msgqueue.o(.text.svcRtxMessageQueueGet)
    __arm_cp.21_0                            0x0000112c   Number         4  rtx_msgqueue.o(.text.svcRtxMessageQueueGet)
    [Anonymous Symbol]                       0x00001130   Section        0  rtx_msgqueue.o(.text.svcRtxMessageQueueNew)
    svcRtxMessageQueueNew                    0x00001131   Thumb Code   484  rtx_msgqueue.o(.text.svcRtxMessageQueueNew)
    __arm_cp.14_0                            0x000012fc   Number         4  rtx_msgqueue.o(.text.svcRtxMessageQueueNew)
    __arm_cp.14_1                            0x00001300   Number         4  rtx_msgqueue.o(.text.svcRtxMessageQueueNew)
    __arm_cp.14_2                            0x00001304   Number         4  rtx_msgqueue.o(.text.svcRtxMessageQueueNew)
    __arm_cp.14_3                            0x00001308   Number         4  rtx_msgqueue.o(.text.svcRtxMessageQueueNew)
    __arm_cp.14_4                            0x0000130c   Number         4  rtx_msgqueue.o(.text.svcRtxMessageQueueNew)
    __arm_cp.14_5                            0x00001310   Number         4  rtx_msgqueue.o(.text.svcRtxMessageQueueNew)
    [Anonymous Symbol]                       0x00001314   Section        0  rtx_msgqueue.o(.text.svcRtxMessageQueuePut)
    svcRtxMessageQueuePut                    0x00001315   Thumb Code   188  rtx_msgqueue.o(.text.svcRtxMessageQueuePut)
    __arm_cp.19_0                            0x000013cc   Number         4  rtx_msgqueue.o(.text.svcRtxMessageQueuePut)
    [Anonymous Symbol]                       0x000013d0   Section        0  rtx_thread.o(.text.svcRtxThreadExit)
    svcRtxThreadExit                         0x000013d1   Thumb Code   108  rtx_thread.o(.text.svcRtxThreadExit)
    __arm_cp.54_0                            0x00001438   Number         4  rtx_thread.o(.text.svcRtxThreadExit)
    [Anonymous Symbol]                       0x0000143c   Section        0  rtx_thread.o(.text.svcRtxThreadNew)
    svcRtxThreadNew                          0x0000143d   Thumb Code   492  rtx_thread.o(.text.svcRtxThreadNew)
    __arm_cp.16_0                            0x00001610   Number         4  rtx_thread.o(.text.svcRtxThreadNew)
    __arm_cp.16_1                            0x00001614   Number         4  rtx_thread.o(.text.svcRtxThreadNew)
    __arm_cp.16_2                            0x00001618   Number         4  rtx_thread.o(.text.svcRtxThreadNew)
    __arm_cp.16_3                            0x0000161c   Number         4  rtx_thread.o(.text.svcRtxThreadNew)
    __arm_cp.16_4                            0x00001620   Number         4  rtx_thread.o(.text.svcRtxThreadNew)
    __arm_cp.16_5                            0x00001624   Number         4  rtx_thread.o(.text.svcRtxThreadNew)
    i.SystemCoreClockUpdate                  0x00001628   Section        0  system_mkl25z4.o(i.SystemCoreClockUpdate)
    i.SystemInit                             0x000017b8   Section        0  system_mkl25z4.o(i.SystemInit)
    i.UART2_IRQHandler                       0x000017c4   Section        0  main.o(i.UART2_IRQHandler)
    i.__ARM_common_switch8                   0x0000183c   Section        0  rtx_config.o(i.__ARM_common_switch8)
    i.__NVIC_ClearPendingIRQ                 0x00001858   Section        0  main.o(i.__NVIC_ClearPendingIRQ)
    __NVIC_ClearPendingIRQ                   0x00001859   Thumb Code    18  main.o(i.__NVIC_ClearPendingIRQ)
    i.__NVIC_SetPriority                     0x00001870   Section        0  main.o(i.__NVIC_SetPriority)
    __NVIC_SetPriority                       0x00001871   Thumb Code   110  main.o(i.__NVIC_SetPriority)
    i.__scatterload_copy                     0x000018e8   Section       14  handlers.o(i.__scatterload_copy)
    i.__scatterload_null                     0x000018f6   Section        2  handlers.o(i.__scatterload_null)
    i.__scatterload_zeroinit                 0x000018f8   Section       14  handlers.o(i.__scatterload_zeroinit)
    i.audio                                  0x00001908   Section        0  main.o(i.audio)
    i.audio_complete                         0x00001968   Section        0  main.o(i.audio_complete)
    i.audio_thread                           0x000019c0   Section        0  main.o(i.audio_thread)
    i.autio_connect                          0x000019f4   Section        0  main.o(i.autio_connect)
    i.complete_thread                        0x00001a4c   Section        0  main.o(i.complete_thread)
    i.connect_thread                         0x00001a7c   Section        0  main.o(i.connect_thread)
    i.control_thread                         0x00001ab8   Section        0  main.o(i.control_thread)
    i.greenLED_flash_thread                  0x00001ce4   Section        0  main.o(i.greenLED_flash_thread)
    i.green_led_flashes                      0x00001d0c   Section        0  main.o(i.green_led_flashes)
    i.green_led_moving                       0x00001df0   Section        0  main.o(i.green_led_moving)
    i.green_led_stationary                   0x00002180   Section        0  main.o(i.green_led_stationary)
    i.green_led_thread                       0x000021e8   Section        0  main.o(i.green_led_thread)
    i.initGPIO                               0x0000221c   Section        0  main.o(i.initGPIO)
    i.main                                   0x000026c8   Section        0  main.o(i.main)
    i.motor_forward                          0x00002810   Section        0  main.o(i.motor_forward)
    i.motor_leftward                         0x00002834   Section        0  main.o(i.motor_leftward)
    i.motor_reverse                          0x00002858   Section        0  main.o(i.motor_reverse)
    i.motor_rightward                        0x0000287c   Section        0  main.o(i.motor_rightward)
    i.motor_stop                             0x000028a0   Section        0  main.o(i.motor_stop)
    i.motor_thread                           0x000028b8   Section        0  main.o(i.motor_thread)
    i.osRtxErrorNotify                       0x00002920   Section        0  rtx_config.o(i.osRtxErrorNotify)
    i.osRtxIdleThread                        0x00002940   Section        0  rtx_config.o(i.osRtxIdleThread)
    i.red_led_moving                         0x00002944   Section        0  main.o(i.red_led_moving)
    i.red_led_stationary                     0x00002a54   Section        0  main.o(i.red_led_stationary)
    i.red_led_thread                         0x00002b44   Section        0  main.o(i.red_led_thread)
    .constdata                               0x00002b78   Section       64  main.o(.constdata)
    .constdata                               0x00002bb8   Section      100  rtx_lib.o(.constdata)
    os_idle_thread_attr                      0x00002bb8   Data          36  rtx_lib.o(.constdata)
    os_timer_thread_attr                     0x00002bdc   Data          36  rtx_lib.o(.constdata)
    os_timer_mq_attr                         0x00002c00   Data          24  rtx_lib.o(.constdata)
    .rodata                                  0x00002c1c   Section      160  rtx_lib.o(.rodata)
    __tagsym$$used                           0x00002c1c   Number         0  rtx_lib.o(.rodata)
    __tagsym$$used                           0x00002c84   Number         0  rtx_lib.o(.rodata)
    [Anonymous Symbol]                       0x00002cbc   Section        0  rtx_kernel.o(.rodata.str1.4)
    .L.str                                   0x00002cbc   Data          11  rtx_kernel.o(.rodata.str1.4)
    .bss.os                                  0x1ffff000   Section     4160  rtx_lib.o(.bss.os)
    os_mem                                   0x1ffff000   Data        4096  rtx_lib.o(.bss.os)
    os_isr_queue                             0x20000000   Data          64  rtx_lib.o(.bss.os)
    .bss.os.msgqueue.cb                      0x20000040   Section       52  rtx_lib.o(.bss.os.msgqueue.cb)
    os_timer_mq_cb                           0x20000040   Data          52  rtx_lib.o(.bss.os.msgqueue.cb)
    .bss.os.msgqueue.mem                     0x20000074   Section       80  rtx_lib.o(.bss.os.msgqueue.mem)
    os_timer_mq_data                         0x20000074   Data          80  rtx_lib.o(.bss.os.msgqueue.mem)
    .bss.os.thread.cb                        0x200000c4   Section      136  rtx_lib.o(.bss.os.thread.cb)
    os_idle_thread_cb                        0x200000c4   Data          68  rtx_lib.o(.bss.os.thread.cb)
    os_timer_thread_cb                       0x20000108   Data          68  rtx_lib.o(.bss.os.thread.cb)
    .bss.os.thread.stack                     0x20000150   Section      512  rtx_lib.o(.bss.os.thread.stack)
    os_idle_thread_stack                     0x20000150   Data         256  rtx_lib.o(.bss.os.thread.stack)
    os_timer_thread_stack                    0x20000250   Data         256  rtx_lib.o(.bss.os.thread.stack)
    .data                                    0x20000350   Section      544  main.o(.data)
    .data                                    0x20000570   Section        4  system_mkl25z4.o(.data)
    [Anonymous Symbol]                       0x20000618   Section        0  os_systick.o(.bss.PendST)
    PendST                                   0x20000618   Data           1  os_systick.o(.bss.PendST)
    STACK                                    0x20000620   Section      256  startup_mkl25z4.o(STACK)

    Global Symbols

    Symbol Name                              Value     Ov Type        Size  Object(Section)

    BuildAttributes$$THM_ISAv3M$S$PE$A:L22$X:L11$S22$IEEE1$IW$~IW$USESV6$~STKCKD$USESV7$~SHL$OSPACE$EBA8$MICROLIB$REQ8$PRES8$EABIv2 0x00000000   Number         0  anon$$obj.o ABSOLUTE
    __ARM_use_no_argv                        0x00000000   Number         0  main.o ABSOLUTE
    __Vectors                                0x00000000   Data           4  startup_mkl25z4.o(RESET)
    .bss.os.evflags.cb$$Base                  - Undefined Weak Reference
    .bss.os.evflags.cb$$Limit                 - Undefined Weak Reference
    .bss.os.mempool.cb$$Base                  - Undefined Weak Reference
    .bss.os.mempool.cb$$Limit                 - Undefined Weak Reference
    .bss.os.mutex.cb$$Base                    - Undefined Weak Reference
    .bss.os.mutex.cb$$Limit                   - Undefined Weak Reference
    .bss.os.semaphore.cb$$Base                - Undefined Weak Reference
    .bss.os.semaphore.cb$$Limit               - Undefined Weak Reference
    .bss.os.timer.cb$$Base                    - Undefined Weak Reference
    .bss.os.timer.cb$$Limit                   - Undefined Weak Reference
    __cpp_initialize__aeabi_                  - Undefined Weak Reference
    __cxa_finalize                            - Undefined Weak Reference
    _clock_init                               - Undefined Weak Reference
    _microlib_exit                            - Undefined Weak Reference
    __Vectors_End                            0x000000c0   Data           0  startup_mkl25z4.o(RESET)
    __Vectors_Size                           0x000000c0   Number         0  startup_mkl25z4.o ABSOLUTE
    __main                                   0x000000c1   Thumb Code     0  entry.o(.ARM.Collect$$$$00000000)
    _main_stk                                0x000000c1   Thumb Code     0  entry2.o(.ARM.Collect$$$$00000001)
    _main_scatterload                        0x000000c5   Thumb Code     0  entry5.o(.ARM.Collect$$$$00000004)
    __main_after_scatterload                 0x000000c9   Thumb Code     0  entry5.o(.ARM.Collect$$$$00000004)
    _main_clock                              0x000000c9   Thumb Code     0  entry7b.o(.ARM.Collect$$$$00000008)
    _main_cpp_init                           0x000000c9   Thumb Code     0  entry8b.o(.ARM.Collect$$$$0000000A)
    _main_init                               0x000000c9   Thumb Code     0  entry9a.o(.ARM.Collect$$$$0000000B)
    __rt_final_cpp                           0x000000d1   Thumb Code     0  entry10a.o(.ARM.Collect$$$$0000000D)
    __rt_final_exit                          0x000000d1   Thumb Code     0  entry11a.o(.ARM.Collect$$$$0000000F)
    Reset_Handler                            0x000000d5   Thumb Code    12  startup_mkl25z4.o(.text)
    NMI_Handler                              0x000000e1   Thumb Code     2  startup_mkl25z4.o(.text)
    HardFault_Handler                        0x000000e3   Thumb Code     2  startup_mkl25z4.o(.text)
    ADC0_IRQHandler                          0x000000eb   Thumb Code     0  startup_mkl25z4.o(.text)
    CMP0_IRQHandler                          0x000000eb   Thumb Code     0  startup_mkl25z4.o(.text)
    DAC0_IRQHandler                          0x000000eb   Thumb Code     0  startup_mkl25z4.o(.text)
    DMA0_IRQHandler                          0x000000eb   Thumb Code     0  startup_mkl25z4.o(.text)
    DMA1_IRQHandler                          0x000000eb   Thumb Code     0  startup_mkl25z4.o(.text)
    DMA2_IRQHandler                          0x000000eb   Thumb Code     0  startup_mkl25z4.o(.text)
    DMA3_IRQHandler                          0x000000eb   Thumb Code     0  startup_mkl25z4.o(.text)
    DefaultISR                               0x000000eb   Thumb Code     0  startup_mkl25z4.o(.text)
    FTFA_IRQHandler                          0x000000eb   Thumb Code     0  startup_mkl25z4.o(.text)
    I2C0_IRQHandler                          0x000000eb   Thumb Code     0  startup_mkl25z4.o(.text)
    I2C1_IRQHandler                          0x000000eb   Thumb Code     0  startup_mkl25z4.o(.text)
    LLWU_IRQHandler                          0x000000eb   Thumb Code     0  startup_mkl25z4.o(.text)
    LPTMR0_IRQHandler                        0x000000eb   Thumb Code     0  startup_mkl25z4.o(.text)
    LVD_LVW_IRQHandler                       0x000000eb   Thumb Code     0  startup_mkl25z4.o(.text)
    MCG_IRQHandler                           0x000000eb   Thumb Code     0  startup_mkl25z4.o(.text)
    PIT_IRQHandler                           0x000000eb   Thumb Code     0  startup_mkl25z4.o(.text)
    PORTA_IRQHandler                         0x000000eb   Thumb Code     0  startup_mkl25z4.o(.text)
    PORTD_IRQHandler                         0x000000eb   Thumb Code     0  startup_mkl25z4.o(.text)
    RTC_IRQHandler                           0x000000eb   Thumb Code     0  startup_mkl25z4.o(.text)
    RTC_Seconds_IRQHandler                   0x000000eb   Thumb Code     0  startup_mkl25z4.o(.text)
    Reserved20_IRQHandler                    0x000000eb   Thumb Code     0  startup_mkl25z4.o(.text)
    Reserved39_IRQHandler                    0x000000eb   Thumb Code     0  startup_mkl25z4.o(.text)
    Reserved45_IRQHandler                    0x000000eb   Thumb Code     0  startup_mkl25z4.o(.text)
    SPI0_IRQHandler                          0x000000eb   Thumb Code     0  startup_mkl25z4.o(.text)
    SPI1_IRQHandler                          0x000000eb   Thumb Code     0  startup_mkl25z4.o(.text)
    TPM0_IRQHandler                          0x000000eb   Thumb Code     0  startup_mkl25z4.o(.text)
    TPM1_IRQHandler                          0x000000eb   Thumb Code     0  startup_mkl25z4.o(.text)
    TPM2_IRQHandler                          0x000000eb   Thumb Code     0  startup_mkl25z4.o(.text)
    TSI0_IRQHandler                          0x000000eb   Thumb Code     0  startup_mkl25z4.o(.text)
    UART0_IRQHandler                         0x000000eb   Thumb Code     0  startup_mkl25z4.o(.text)
    UART1_IRQHandler                         0x000000eb   Thumb Code     0  startup_mkl25z4.o(.text)
    USB0_IRQHandler                          0x000000eb   Thumb Code     0  startup_mkl25z4.o(.text)
    SVC_Handler                              0x000000fd   Thumb Code   132  irq_cm0.o(.text)
    PendSV_Handler                           0x00000181   Thumb Code    12  irq_cm0.o(.text)
    SysTick_Handler                          0x0000018d   Thumb Code    12  irq_cm0.o(.text)
    __aeabi_uidiv                            0x000001a1   Thumb Code     0  uidiv.o(.text)
    __aeabi_uidivmod                         0x000001a1   Thumb Code    44  uidiv.o(.text)
    __aeabi_idiv                             0x000001cd   Thumb Code     0  idiv.o(.text)
    __aeabi_idivmod                          0x000001cd   Thumb Code    40  idiv.o(.text)
    __aeabi_memcpy                           0x000001f5   Thumb Code    36  memcpya.o(.text)
    __aeabi_memcpy4                          0x000001f5   Thumb Code     0  memcpya.o(.text)
    __aeabi_memcpy8                          0x000001f5   Thumb Code     0  memcpya.o(.text)
    __aeabi_memset                           0x00000219   Thumb Code    14  memseta.o(.text)
    __aeabi_memset4                          0x00000219   Thumb Code     0  memseta.o(.text)
    __aeabi_memset8                          0x00000219   Thumb Code     0  memseta.o(.text)
    __aeabi_memclr                           0x00000227   Thumb Code     4  memseta.o(.text)
    __aeabi_memclr4                          0x00000227   Thumb Code     0  memseta.o(.text)
    __aeabi_memclr8                          0x00000227   Thumb Code     0  memseta.o(.text)
    _memset$wrapper                          0x0000022b   Thumb Code    18  memseta.o(.text)
    __scatterload                            0x0000023d   Thumb Code    28  init.o(.text)
    __scatterload_rt2                        0x0000023d   Thumb Code     0  init.o(.text)
    __decompress                             0x00000261   Thumb Code     0  __dczerorl2.o(.text)
    __decompress1                            0x00000261   Thumb Code    86  __dczerorl2.o(.text)
    OS_Tick_AcknowledgeIRQ                   0x00000385   Thumb Code    12  os_systick.o(.text.OS_Tick_AcknowledgeIRQ)
    OS_Tick_Enable                           0x00000391   Thumb Code    44  os_systick.o(.text.OS_Tick_Enable)
    OS_Tick_GetIRQn                          0x000003bd   Thumb Code     6  os_systick.o(.text.OS_Tick_GetIRQn)
    osDelay                                  0x000003c5   Thumb Code    40  rtx_delay.o(.text.osDelay)
    osRtxKernelPreInit                       0x000003ed   Thumb Code     2  rtx_kernel.o(.text.osRtxKernelPreInit)
    osRtxThreadRegPtr                        0x000003ef   Thumb Code     6  rtx_thread.o(.text.osRtxThreadRegPtr)
    osThreadExit                             0x000003f5   Thumb Code    12  rtx_thread.o(.text.osThreadExit)
    OS_Tick_Setup                            0x00000411   Thumb Code    76  os_systick.o(.text.OS_Tick_Setup)
    osKernelInitialize                       0x000004f9   Thumb Code    40  rtx_kernel.o(.text.osKernelInitialize)
    osKernelStart                            0x00000521   Thumb Code    36  rtx_kernel.o(.text.osKernelStart)
    osMessageQueueGet                        0x00000545   Thumb Code   116  rtx_msgqueue.o(.text.osMessageQueueGet)
    osMessageQueueNew                        0x000005b9   Thumb Code    36  rtx_msgqueue.o(.text.osMessageQueueNew)
    osMessageQueuePut                        0x000005dd   Thumb Code   120  rtx_msgqueue.o(.text.osMessageQueuePut)
    osRtxMemoryAlloc                         0x00000655   Thumb Code   124  rtx_memory.o(.text.osRtxMemoryAlloc)
    osRtxMemoryFree                          0x000006d1   Thumb Code    78  rtx_memory.o(.text.osRtxMemoryFree)
    osRtxMemoryInit                          0x0000071f   Thumb Code    50  rtx_memory.o(.text.osRtxMemoryInit)
    osRtxMemoryPoolAlloc                     0x00000751   Thumb Code    46  rtx_mempool.o(.text.osRtxMemoryPoolAlloc)
    osRtxMemoryPoolFree                      0x0000077f   Thumb Code    58  rtx_mempool.o(.text.osRtxMemoryPoolFree)
    osRtxMemoryPoolInit                      0x000007b9   Thumb Code    62  rtx_mempool.o(.text.osRtxMemoryPoolInit)
    osRtxMutexOwnerRelease                   0x000008b3   Thumb Code    68  rtx_mutex.o(.text.osRtxMutexOwnerRelease)
    osRtxPendSV_Handler                      0x000008f9   Thumb Code   128  rtx_system.o(.text.osRtxPendSV_Handler)
    osRtxPostProcess                         0x00000979   Thumb Code   108  rtx_system.o(.text.osRtxPostProcess)
    osRtxThreadDelayTick                     0x00000ae1   Thumb Code    56  rtx_thread.o(.text.osRtxThreadDelayTick)
    osRtxThreadDispatch                      0x00000b19   Thumb Code    80  rtx_thread.o(.text.osRtxThreadDispatch)
    osRtxThreadListGet                       0x00000bbd   Thumb Code    20  rtx_thread.o(.text.osRtxThreadListGet)
    osRtxThreadListPut                       0x00000bd1   Thumb Code    44  rtx_thread.o(.text.osRtxThreadListPut)
    osRtxThreadListRemove                    0x00000bfd   Thumb Code    24  rtx_thread.o(.text.osRtxThreadListRemove)
    osRtxThreadReadyPut                      0x00000c3d   Thumb Code    24  rtx_thread.o(.text.osRtxThreadReadyPut)
    osRtxThreadStackCheck                    0x00000c55   Thumb Code    44  rtx_thread.o(.text.osRtxThreadStackCheck)
    osRtxThreadStartup                       0x00000c81   Thumb Code    64  rtx_thread.o(.text.osRtxThreadStartup)
    osRtxThreadSwitch                        0x00000cc1   Thumb Code    20  rtx_thread.o(.text.osRtxThreadSwitch)
    osRtxThreadWaitEnter                     0x00000cd5   Thumb Code    60  rtx_thread.o(.text.osRtxThreadWaitEnter)
    osRtxThreadWaitExit                      0x00000d11   Thumb Code    34  rtx_thread.o(.text.osRtxThreadWaitExit)
    osRtxTick_Handler                        0x00000d35   Thumb Code   116  rtx_system.o(.text.osRtxTick_Handler)
    osRtxTimerThread                         0x00000da9   Thumb Code    60  rtx_timer.o(.text.osRtxTimerThread)
    osThreadNew                              0x00000e45   Thumb Code    36  rtx_thread.o(.text.osThreadNew)
    SystemCoreClockUpdate                    0x00001629   Thumb Code   372  system_mkl25z4.o(i.SystemCoreClockUpdate)
    SystemInit                               0x000017b9   Thumb Code     8  system_mkl25z4.o(i.SystemInit)
    UART2_IRQHandler                         0x000017c5   Thumb Code   110  main.o(i.UART2_IRQHandler)
    __ARM_common_switch8                     0x0000183d   Thumb Code    28  rtx_config.o(i.__ARM_common_switch8)
    __scatterload_copy                       0x000018e9   Thumb Code    14  handlers.o(i.__scatterload_copy)
    __scatterload_null                       0x000018f7   Thumb Code     2  handlers.o(i.__scatterload_null)
    __scatterload_zeroinit                   0x000018f9   Thumb Code    14  handlers.o(i.__scatterload_zeroinit)
    audio                                    0x00001909   Thumb Code    78  main.o(i.audio)
    audio_complete                           0x00001969   Thumb Code    76  main.o(i.audio_complete)
    audio_thread                             0x000019c1   Thumb Code    42  main.o(i.audio_thread)
    autio_connect                            0x000019f5   Thumb Code    76  main.o(i.autio_connect)
    complete_thread                          0x00001a4d   Thumb Code    40  main.o(i.complete_thread)
    connect_thread                           0x00001a7d   Thumb Code    46  main.o(i.connect_thread)
    control_thread                           0x00001ab9   Thumb Code   524  main.o(i.control_thread)
    greenLED_flash_thread                    0x00001ce5   Thumb Code    34  main.o(i.greenLED_flash_thread)
    green_led_flashes                        0x00001d0d   Thumb Code   222  main.o(i.green_led_flashes)
    green_led_moving                         0x00001df1   Thumb Code   902  main.o(i.green_led_moving)
    green_led_stationary                     0x00002181   Thumb Code    98  main.o(i.green_led_stationary)
    green_led_thread                         0x000021e9   Thumb Code    48  main.o(i.green_led_thread)
    initGPIO                                 0x0000221d   Thumb Code  1182  main.o(i.initGPIO)
    main                                     0x000026c9   Thumb Code   234  main.o(i.main)
    motor_forward                            0x00002811   Thumb Code    26  main.o(i.motor_forward)
    motor_leftward                           0x00002835   Thumb Code    26  main.o(i.motor_leftward)
    motor_reverse                            0x00002859   Thumb Code    26  main.o(i.motor_reverse)
    motor_rightward                          0x0000287d   Thumb Code    26  main.o(i.motor_rightward)
    motor_stop                               0x000028a1   Thumb Code    16  main.o(i.motor_stop)
    motor_thread                             0x000028b9   Thumb Code    98  main.o(i.motor_thread)
    osRtxErrorNotify                         0x00002921   Thumb Code    32  rtx_config.o(i.osRtxErrorNotify)
    osRtxIdleThread                          0x00002941   Thumb Code     4  rtx_config.o(i.osRtxIdleThread)
    red_led_moving                           0x00002945   Thumb Code   262  main.o(i.red_led_moving)
    red_led_stationary                       0x00002a55   Thumb Code   236  main.o(i.red_led_stationary)
    red_led_thread                           0x00002b45   Thumb Code    48  main.o(i.red_led_thread)
    osRtxUserSVC                             0x00002c18   Data           4  rtx_lib.o(.constdata)
    osRtxConfig                              0x00002c1c   Data         104  rtx_lib.o(.rodata)
    os_cb_sections                           0x00002c84   Data          56  rtx_lib.o(.rodata)
    Region$$Table$$Base                      0x00002cc8   Number         0  anon$$obj.o(Region$$Table)
    Region$$Table$$Limit                     0x00002ce8   Number         0  anon$$obj.o(Region$$Table)
    .bss.os.msgqueue.cb$$Base                0x20000040   Number         0  rtx_lib.o(.bss.os.msgqueue.cb)
    .bss.os.msgqueue.cb$$Limit               0x20000074   Number         0  rtx_lib.o(.bss.os.msgqueue.cb)
    .bss.os.thread.cb$$Base                  0x200000c4   Number         0  rtx_lib.o(.bss.os.thread.cb)
    .bss.os.thread.cb$$Limit                 0x2000014c   Number         0  rtx_lib.o(.bss.os.thread.cb)
    counter_red                              0x20000350   Data           4  main.o(.data)
    counter_green                            0x20000354   Data           4  main.o(.data)
    status                                   0x20000358   Data           4  main.o(.data)
    isConnected                              0x2000035c   Data           4  main.o(.data)
    musical_notes1                           0x20000360   Data         468  main.o(.data)
    redLEDMsg                                0x20000534   Data           4  main.o(.data)
    greenLEDMsg                              0x20000538   Data           4  main.o(.data)
    audioMsg                                 0x2000053c   Data           4  main.o(.data)
    motorMsg                                 0x20000540   Data           4  main.o(.data)
    completeMsg                              0x20000544   Data           4  main.o(.data)
    connectMsg                               0x20000548   Data           4  main.o(.data)
    greenLEDFlashMsg                         0x2000054c   Data           4  main.o(.data)
    redLED_Id                                0x20000550   Data           4  main.o(.data)
    greenLED_Id                              0x20000554   Data           4  main.o(.data)
    audio_Id                                 0x20000558   Data           4  main.o(.data)
    motor_Id                                 0x2000055c   Data           4  main.o(.data)
    control_Id                               0x20000560   Data           4  main.o(.data)
    complete_Id                              0x20000564   Data           4  main.o(.data)
    connect_Id                               0x20000568   Data           4  main.o(.data)
    greenLEDFlash_Id                         0x2000056c   Data           4  main.o(.data)
    SystemCoreClock                          0x20000570   Data           4  system_mkl25z4.o(.data)
    osRtxInfo                                0x20000574   Data         164  rtx_kernel.o(.data.os)
    __initial_sp                             0x20000720   Data           0  startup_mkl25z4.o(STACK)



==============================================================================

Memory Map of the image

  Image Entry point : 0x000000d5

  Load Region LR_1 (Base: 0x00000000, Size: 0x00004300, Max: 0xffffffff, ABSOLUTE, COMPRESSED[0x00002d88])

    Execution Region ER_RO (Exec base: 0x00000000, Load base: 0x00000000, Size: 0x00002ce8, Max: 0xffffffff, ABSOLUTE)

    Exec Addr    Load Addr    Size         Type   Attr      Idx    E Section Name        Object

    0x00000000   0x00000000   0x000000c0   Data   RO          284    RESET               startup_mkl25z4.o
    0x000000c0   0x000000c0   0x00000000   Code   RO          791  * .ARM.Collect$$$$00000000  mc_p.l(entry.o)
    0x000000c0   0x000000c0   0x00000004   Code   RO          804    .ARM.Collect$$$$00000001  mc_p.l(entry2.o)
    0x000000c4   0x000000c4   0x00000004   Code   RO          807    .ARM.Collect$$$$00000004  mc_p.l(entry5.o)
    0x000000c8   0x000000c8   0x00000000   Code   RO          809    .ARM.Collect$$$$00000008  mc_p.l(entry7b.o)
    0x000000c8   0x000000c8   0x00000000   Code   RO          811    .ARM.Collect$$$$0000000A  mc_p.l(entry8b.o)
    0x000000c8   0x000000c8   0x00000008   Code   RO          812    .ARM.Collect$$$$0000000B  mc_p.l(entry9a.o)
    0x000000d0   0x000000d0   0x00000000   Code   RO          814    .ARM.Collect$$$$0000000D  mc_p.l(entry10a.o)
    0x000000d0   0x000000d0   0x00000000   Code   RO          816    .ARM.Collect$$$$0000000F  mc_p.l(entry11a.o)
    0x000000d0   0x000000d0   0x00000004   Code   RO          805    .ARM.Collect$$$$00002712  mc_p.l(entry2.o)
    0x000000d4   0x000000d4   0x00000028   Code   RO          286  * .text               startup_mkl25z4.o
    0x000000fc   0x000000fc   0x000000a4   Code   RO          600    .text               RTX_CM0.lib(irq_cm0.o)
    0x000001a0   0x000001a0   0x0000002c   Code   RO          794    .text               mc_p.l(uidiv.o)
    0x000001cc   0x000001cc   0x00000028   Code   RO          796    .text               mc_p.l(idiv.o)
    0x000001f4   0x000001f4   0x00000024   Code   RO          798    .text               mc_p.l(memcpya.o)
    0x00000218   0x00000218   0x00000024   Code   RO          800    .text               mc_p.l(memseta.o)
    0x0000023c   0x0000023c   0x00000024   Code   RO          818    .text               mc_p.l(init.o)
    0x00000260   0x00000260   0x00000056   Code   RO          828    .text               mc_p.l(__dczerorl2.o)
    0x000002b6   0x000002b6   0x0000004c   Code   RO          583    .text.MessageQueueGet  RTX_CM0.lib(rtx_msgqueue.o)
    0x00000302   0x00000302   0x00000062   Code   RO          577    .text.MessageQueuePut  RTX_CM0.lib(rtx_msgqueue.o)
    0x00000364   0x00000364   0x0000001e   Code   RO          575    .text.MessageQueueRemove  RTX_CM0.lib(rtx_msgqueue.o)
    0x00000382   0x00000382   0x00000002   PAD
    0x00000384   0x00000384   0x0000000c   Code   RO          770    .text.OS_Tick_AcknowledgeIRQ  RTX_CM0.lib(os_systick.o)
    0x00000390   0x00000390   0x0000002c   Code   RO          766    .text.OS_Tick_Enable  RTX_CM0.lib(os_systick.o)
    0x000003bc   0x000003bc   0x00000006   Code   RO          772    .text.OS_Tick_GetIRQn  RTX_CM0.lib(os_systick.o)
    0x000003c2   0x000003c2   0x00000002   PAD
    0x000003c4   0x000003c4   0x00000028   Code   RO          526    .text.osDelay       RTX_CM0.lib(rtx_delay.o)
    0x000003ec   0x000003ec   0x00000002   Code   RO          328    .text.osRtxKernelPreInit  RTX_CM0.lib(rtx_kernel.o)
    0x000003ee   0x000003ee   0x00000006   Code   RO          405    .text.osRtxThreadRegPtr  RTX_CM0.lib(rtx_thread.o)
    0x000003f4   0x000003f4   0x0000000c   Code   RO          455    .text.osThreadExit  RTX_CM0.lib(rtx_thread.o)
    0x00000400   0x00000400   0x00000010   Code   RO          285    .ARM.__at_0x400     startup_mkl25z4.o
    0x00000410   0x00000410   0x0000004c   Code   RO          764    .text.OS_Tick_Setup  RTX_CM0.lib(os_systick.o)
    0x0000045c   0x0000045c   0x0000004e   Code   RO          473    .text.ThreadFlagsCheck  RTX_CM0.lib(rtx_thread.o)
    0x000004aa   0x000004aa   0x00000002   PAD
    0x000004ac   0x000004ac   0x0000004c   Code   RO          621    .text.TimerInsert   RTX_CM0.lib(rtx_timer.o)
    0x000004f8   0x000004f8   0x00000028   Code   RO          330    .text.osKernelInitialize  RTX_CM0.lib(rtx_kernel.o)
    0x00000520   0x00000520   0x00000024   Code   RO          340    .text.osKernelStart  RTX_CM0.lib(rtx_kernel.o)
    0x00000544   0x00000544   0x00000074   Code   RO          549    .text.osMessageQueueGet  RTX_CM0.lib(rtx_msgqueue.o)
    0x000005b8   0x000005b8   0x00000024   Code   RO          543    .text.osMessageQueueNew  RTX_CM0.lib(rtx_msgqueue.o)
    0x000005dc   0x000005dc   0x00000078   Code   RO          547    .text.osMessageQueuePut  RTX_CM0.lib(rtx_msgqueue.o)
    0x00000654   0x00000654   0x0000007c   Code   RO          683    .text.osRtxMemoryAlloc  RTX_CM0.lib(rtx_memory.o)
    0x000006d0   0x000006d0   0x0000004e   Code   RO          685    .text.osRtxMemoryFree  RTX_CM0.lib(rtx_memory.o)
    0x0000071e   0x0000071e   0x00000032   Code   RO          681    .text.osRtxMemoryInit  RTX_CM0.lib(rtx_memory.o)
    0x00000750   0x00000750   0x0000002e   Code   RO          698    .text.osRtxMemoryPoolAlloc  RTX_CM0.lib(rtx_mempool.o)
    0x0000077e   0x0000077e   0x0000003a   Code   RO          700    .text.osRtxMemoryPoolFree  RTX_CM0.lib(rtx_mempool.o)
    0x000007b8   0x000007b8   0x0000003e   Code   RO          696    .text.osRtxMemoryPoolInit  RTX_CM0.lib(rtx_mempool.o)
    0x000007f6   0x000007f6   0x000000bc   Code   RO          573    .text.osRtxMessageQueuePostProcess  RTX_CM0.lib(rtx_msgqueue.o)
    0x000008b2   0x000008b2   0x00000044   Code   RO          646    .text.osRtxMutexOwnerRelease  RTX_CM0.lib(rtx_mutex.o)
    0x000008f6   0x000008f6   0x00000002   PAD
    0x000008f8   0x000008f8   0x00000080   Code   RO          751    .text.osRtxPendSV_Handler  RTX_CM0.lib(rtx_system.o)
    0x00000978   0x00000978   0x0000006c   Code   RO          753    .text.osRtxPostProcess  RTX_CM0.lib(rtx_system.o)
    0x000009e4   0x000009e4   0x00000038   Code   RO          413    .text.osRtxThreadBlock  RTX_CM0.lib(rtx_thread.o)
    0x00000a1c   0x00000a1c   0x00000080   Code   RO          421    .text.osRtxThreadDelayInsert  RTX_CM0.lib(rtx_thread.o)
    0x00000a9c   0x00000a9c   0x00000044   Code   RO          417    .text.osRtxThreadDelayRemove  RTX_CM0.lib(rtx_thread.o)
    0x00000ae0   0x00000ae0   0x00000038   Code   RO          403    .text.osRtxThreadDelayTick  RTX_CM0.lib(rtx_thread.o)
    0x00000b18   0x00000b18   0x00000050   Code   RO          411    .text.osRtxThreadDispatch  RTX_CM0.lib(rtx_thread.o)
    0x00000b68   0x00000b68   0x00000054   Code   RO          497    .text.osRtxThreadFree  RTX_CM0.lib(rtx_thread.o)
    0x00000bbc   0x00000bbc   0x00000014   Code   RO          395    .text.osRtxThreadListGet  RTX_CM0.lib(rtx_thread.o)
    0x00000bd0   0x00000bd0   0x0000002c   Code   RO          393    .text.osRtxThreadListPut  RTX_CM0.lib(rtx_thread.o)
    0x00000bfc   0x00000bfc   0x00000018   Code   RO          399    .text.osRtxThreadListRemove  RTX_CM0.lib(rtx_thread.o)
    0x00000c14   0x00000c14   0x00000026   Code   RO          471    .text.osRtxThreadPostProcess  RTX_CM0.lib(rtx_thread.o)
    0x00000c3a   0x00000c3a   0x00000002   PAD
    0x00000c3c   0x00000c3c   0x00000018   Code   RO          401    .text.osRtxThreadReadyPut  RTX_CM0.lib(rtx_thread.o)
    0x00000c54   0x00000c54   0x0000002c   Code   RO          409    .text.osRtxThreadStackCheck  RTX_CM0.lib(rtx_thread.o)
    0x00000c80   0x00000c80   0x00000040   Code   RO          423    .text.osRtxThreadStartup  RTX_CM0.lib(rtx_thread.o)
    0x00000cc0   0x00000cc0   0x00000014   Code   RO          407    .text.osRtxThreadSwitch  RTX_CM0.lib(rtx_thread.o)
    0x00000cd4   0x00000cd4   0x0000003c   Code   RO          419    .text.osRtxThreadWaitEnter  RTX_CM0.lib(rtx_thread.o)
    0x00000d10   0x00000d10   0x00000022   Code   RO          415    .text.osRtxThreadWaitExit  RTX_CM0.lib(rtx_thread.o)
    0x00000d32   0x00000d32   0x00000002   PAD
    0x00000d34   0x00000d34   0x00000074   Code   RO          749    .text.osRtxTick_Handler  RTX_CM0.lib(rtx_system.o)
    0x00000da8   0x00000da8   0x0000003c   Code   RO          605    .text.osRtxTimerThread  RTX_CM0.lib(rtx_timer.o)
    0x00000de4   0x00000de4   0x00000060   Code   RO          607    .text.osRtxTimerTick  RTX_CM0.lib(rtx_timer.o)
    0x00000e44   0x00000e44   0x00000024   Code   RO          427    .text.osThreadNew   RTX_CM0.lib(rtx_thread.o)
    0x00000e68   0x00000e68   0x00000012   Code   RO          530    .text.svcRtxDelay   RTX_CM0.lib(rtx_delay.o)
    0x00000e7a   0x00000e7a   0x00000002   PAD
    0x00000e7c   0x00000e7c   0x00000148   Code   RO          368    .text.svcRtxKernelInitialize  RTX_CM0.lib(rtx_kernel.o)
    0x00000fc4   0x00000fc4   0x00000084   Code   RO          370    .text.svcRtxKernelStart  RTX_CM0.lib(rtx_kernel.o)
    0x00001048   0x00001048   0x000000e8   Code   RO          585    .text.svcRtxMessageQueueGet  RTX_CM0.lib(rtx_msgqueue.o)
    0x00001130   0x00001130   0x000001e4   Code   RO          571    .text.svcRtxMessageQueueNew  RTX_CM0.lib(rtx_msgqueue.o)
    0x00001314   0x00001314   0x000000bc   Code   RO          581    .text.svcRtxMessageQueuePut  RTX_CM0.lib(rtx_msgqueue.o)
    0x000013d0   0x000013d0   0x0000006c   Code   RO          501    .text.svcRtxThreadExit  RTX_CM0.lib(rtx_thread.o)
    0x0000143c   0x0000143c   0x000001ec   Code   RO          425    .text.svcRtxThreadNew  RTX_CM0.lib(rtx_thread.o)
    0x00001628   0x00001628   0x00000190   Code   RO          294    i.SystemCoreClockUpdate  system_mkl25z4.o
    0x000017b8   0x000017b8   0x0000000c   Code   RO          295    i.SystemInit        system_mkl25z4.o
    0x000017c4   0x000017c4   0x00000078   Code   RO            3    i.UART2_IRQHandler  main.o
    0x0000183c   0x0000183c   0x0000001c   Code   RO          273    i.__ARM_common_switch8  rtx_config.o
    0x00001858   0x00001858   0x00000018   Code   RO            4    i.__NVIC_ClearPendingIRQ  main.o
    0x00001870   0x00001870   0x00000078   Code   RO            5    i.__NVIC_SetPriority  main.o
    0x000018e8   0x000018e8   0x0000000e   Code   RO          822    i.__scatterload_copy  mc_p.l(handlers.o)
    0x000018f6   0x000018f6   0x00000002   Code   RO          823    i.__scatterload_null  mc_p.l(handlers.o)
    0x000018f8   0x000018f8   0x0000000e   Code   RO          824    i.__scatterload_zeroinit  mc_p.l(handlers.o)
    0x00001906   0x00001906   0x00000002   PAD
    0x00001908   0x00001908   0x00000060   Code   RO            6    i.audio             main.o
    0x00001968   0x00001968   0x00000058   Code   RO            7    i.audio_complete    main.o
    0x000019c0   0x000019c0   0x00000034   Code   RO            8    i.audio_thread      main.o
    0x000019f4   0x000019f4   0x00000058   Code   RO            9    i.autio_connect     main.o
    0x00001a4c   0x00001a4c   0x00000030   Code   RO           10    i.complete_thread   main.o
    0x00001a7c   0x00001a7c   0x0000003c   Code   RO           11    i.connect_thread    main.o
    0x00001ab8   0x00001ab8   0x0000022c   Code   RO           12    i.control_thread    main.o
    0x00001ce4   0x00001ce4   0x00000028   Code   RO           14    i.greenLED_flash_thread  main.o
    0x00001d0c   0x00001d0c   0x000000e4   Code   RO           15    i.green_led_flashes  main.o
    0x00001df0   0x00001df0   0x00000390   Code   RO           16    i.green_led_moving  main.o
    0x00002180   0x00002180   0x00000068   Code   RO           17    i.green_led_stationary  main.o
    0x000021e8   0x000021e8   0x00000034   Code   RO           18    i.green_led_thread  main.o
    0x0000221c   0x0000221c   0x000004ac   Code   RO           19    i.initGPIO          main.o
    0x000026c8   0x000026c8   0x00000148   Code   RO           20    i.main              main.o
    0x00002810   0x00002810   0x00000024   Code   RO           21    i.motor_forward     main.o
    0x00002834   0x00002834   0x00000024   Code   RO           22    i.motor_leftward    main.o
    0x00002858   0x00002858   0x00000024   Code   RO           23    i.motor_reverse     main.o
    0x0000287c   0x0000287c   0x00000024   Code   RO           24    i.motor_rightward   main.o
    0x000028a0   0x000028a0   0x00000018   Code   RO           25    i.motor_stop        main.o
    0x000028b8   0x000028b8   0x00000068   Code   RO           26    i.motor_thread      main.o
    0x00002920   0x00002920   0x00000020   Code   RO          252    i.osRtxErrorNotify  rtx_config.o
    0x00002940   0x00002940   0x00000004   Code   RO          253    i.osRtxIdleThread   rtx_config.o
    0x00002944   0x00002944   0x00000110   Code   RO           27    i.red_led_moving    main.o
    0x00002a54   0x00002a54   0x000000f0   Code   RO           28    i.red_led_stationary  main.o
    0x00002b44   0x00002b44   0x00000034   Code   RO           29    i.red_led_thread    main.o
    0x00002b78   0x00002b78   0x00000040   Data   RO           30    .constdata          main.o
    0x00002bb8   0x00002bb8   0x00000064   Data   RO          219    .constdata          rtx_lib.o
    0x00002c1c   0x00002c1c   0x000000a0   Data   RO          221    .rodata             rtx_lib.o
    0x00002cbc   0x00002cbc   0x0000000b   Data   RO          382    .rodata.str1.4      RTX_CM0.lib(rtx_kernel.o)
    0x00002cc7   0x00002cc7   0x00000001   PAD
    0x00002cc8   0x00002cc8   0x00000020   Data   RO          820    Region$$Table       anon$$obj.o


    Execution Region ER_RW (Exec base: 0x1ffff000, Load base: 0x00002ce8, Size: 0x00001618, Max: 0xffffffff, ABSOLUTE, COMPRESSED[0x000000a0])

    Exec Addr    Load Addr    Size         Type   Attr      Idx    E Section Name        Object

    0x1ffff000   COMPRESSED   0x00001040   Data   RW          214    .bss.os             rtx_lib.o
    0x20000040   COMPRESSED   0x00000034   Data   RW          215    .bss.os.msgqueue.cb  rtx_lib.o
    0x20000074   COMPRESSED   0x00000050   Data   RW          216    .bss.os.msgqueue.mem  rtx_lib.o
    0x200000c4   COMPRESSED   0x00000088   Data   RW          217    .bss.os.thread.cb   rtx_lib.o
    0x2000014c   COMPRESSED   0x00000004   PAD
    0x20000150   COMPRESSED   0x00000200   Data   RW          218    .bss.os.thread.stack  rtx_lib.o
    0x20000350   COMPRESSED   0x00000220   Data   RW           31    .data               main.o
    0x20000570   COMPRESSED   0x00000004   Data   RW          296    .data               system_mkl25z4.o
    0x20000574   COMPRESSED   0x000000a4   Data   RW          383    .data.os            RTX_CM0.lib(rtx_kernel.o)


    Execution Region ER_ZI (Exec base: 0x20000618, Load base: 0x00002d88, Size: 0x00000108, Max: 0xffffffff, ABSOLUTE)

    Exec Addr    Load Addr    Size         Type   Attr      Idx    E Section Name        Object

    0x20000618        -       0x00000001   Zero   RW          782    .bss.PendST         RTX_CM0.lib(os_systick.o)
    0x20000619   0x00002d88   0x00000007   PAD
    0x20000620        -       0x00000100   Zero   RW          282    STACK               startup_mkl25z4.o


==============================================================================

Image component sizes


      Code (inc. data)   RO Data    RW Data    ZI Data      Debug   Object Name

      4948        384         64        544          0     243597   main.o
        64          8          0          0          0       1065   rtx_config.o
         0          0        260       4940          0       9094   rtx_lib.o
        56         30        192          0        256        888   startup_mkl25z4.o
       412         42          0          4          0       1551   system_mkl25z4.o

    ----------------------------------------------------------------------
      5480        464        548       5492        256     256195   Object Totals
         0          0         32          0          0          0   (incl. Generated)
         0          0          0          4          0          0   (incl. Padding)

    ----------------------------------------------------------------------

      Code (inc. data)   RO Data    RW Data    ZI Data      Debug   Library Member Name

       164          8          0          0          0        496   irq_cm0.o
       138         32          0          0          1       2766   os_systick.o
        58          4          0          0          0       2753   rtx_delay.o
       538         36         11        164          0      16105   rtx_kernel.o
       252          0          0          0          0       2564   rtx_memory.o
       166          0          0          0          0      14282   rtx_mempool.o
      1568         44          0          0          0      17889   rtx_msgqueue.o
        68          0          0          0          0       9201   rtx_mutex.o
       352         26          0          0          0       4635   rtx_system.o
      1576         96          0          0          0      30867   rtx_thread.o
       232         20          0          0          0      10018   rtx_timer.o
        86          0          0          0          0          0   __dczerorl2.o
         0          0          0          0          0          0   entry.o
         0          0          0          0          0          0   entry10a.o
         0          0          0          0          0          0   entry11a.o
         8          4          0          0          0          0   entry2.o
         4          0          0          0          0          0   entry5.o
         0          0          0          0          0          0   entry7b.o
         0          0          0          0          0          0   entry8b.o
         8          4          0          0          0          0   entry9a.o
        30          0          0          0          0          0   handlers.o
        40          0          0          0          0         72   idiv.o
        36          8          0          0          0         68   init.o
        36          0          0          0          0         60   memcpya.o
        36          0          0          0          0        100   memseta.o
        44          0          0          0          0         72   uidiv.o

    ----------------------------------------------------------------------
      5456        282         12        164          8     111948   Library Totals
        16          0          1          0          7          0   (incl. Padding)

    ----------------------------------------------------------------------

      Code (inc. data)   RO Data    RW Data    ZI Data      Debug   Library Name

      5112        266         11        164          1     111576   RTX_CM0.lib
       328         16          0          0          0        372   mc_p.l

    ----------------------------------------------------------------------
      5456        282         12        164          8     111948   Library Totals

    ----------------------------------------------------------------------

==============================================================================


      Code (inc. data)   RO Data    RW Data    ZI Data      Debug   

     10936        746        560       5656        264     366763   Grand Totals
     10936        746        560        160        264     366763   ELF Image Totals (compressed)
     10936        746        560        160          0          0   ROM Totals

==============================================================================

    Total RO  Size (Code + RO Data)                11496 (  11.23kB)
    Total RW  Size (RW Data + ZI Data)              5920 (   5.78kB)
    Total ROM Size (Code + RO Data + RW Data)      11656 (  11.38kB)

==============================================================================

